Archive member included because of file (symbol)

/usr/lib/gcc/avr/4.3.4/avrxmega6/libgcc.a(_exit.o)
                              /usr/lib/gcc/avr/4.3.4/../../../avr/lib/avrxmega6/crtx128a3.o (exit)
/usr/lib/gcc/avr/4.3.4/avrxmega6/libgcc.a(_clear_bss.o)
                              inneradc.o (__do_clear_bss)
/usr/lib/gcc/avr/4.3.4/../../../avr/lib/avrxmega6/libc.a(printf.o)
                              support.o (printf)
/usr/lib/gcc/avr/4.3.4/../../../avr/lib/avrxmega6/libc.a(sprintf.o)
                              inneradc.o (sprintf)
/usr/lib/gcc/avr/4.3.4/../../../avr/lib/avrxmega6/libc.a(vfprintf_std.o)
                              /usr/lib/gcc/avr/4.3.4/../../../avr/lib/avrxmega6/libc.a(printf.o) (vfprintf)
/usr/lib/gcc/avr/4.3.4/../../../avr/lib/avrxmega6/libc.a(strnlen_P.o)
                              /usr/lib/gcc/avr/4.3.4/../../../avr/lib/avrxmega6/libc.a(vfprintf_std.o) (strnlen_P)
/usr/lib/gcc/avr/4.3.4/../../../avr/lib/avrxmega6/libc.a(strnlen.o)
                              /usr/lib/gcc/avr/4.3.4/../../../avr/lib/avrxmega6/libc.a(vfprintf_std.o) (strnlen)
/usr/lib/gcc/avr/4.3.4/../../../avr/lib/avrxmega6/libc.a(fputc.o)
                              /usr/lib/gcc/avr/4.3.4/../../../avr/lib/avrxmega6/libc.a(vfprintf_std.o) (fputc)
/usr/lib/gcc/avr/4.3.4/../../../avr/lib/avrxmega6/libc.a(iob.o)
                              /usr/lib/gcc/avr/4.3.4/../../../avr/lib/avrxmega6/libc.a(printf.o) (__iob)
/usr/lib/gcc/avr/4.3.4/../../../avr/lib/avrxmega6/libc.a(ultoa_invert.o)
                              /usr/lib/gcc/avr/4.3.4/../../../avr/lib/avrxmega6/libc.a(vfprintf_std.o) (__ultoa_invert)

Allocating common symbols
Common symbol       size              file

input               0x1               inneradc.o
xbee                0x1c              inneradc.o
__iob               0x6               /usr/lib/gcc/avr/4.3.4/../../../avr/lib/avrxmega6/libc.a(iob.o)

Memory Configuration

Name             Origin             Length             Attributes
text             0x00000000         0x00100000         xr
data             0x00802000         0x0000ffa0         rw !x
eeprom           0x00810000         0x00010000         rw !x
fuse             0x00820000         0x00000400         rw !x
lock             0x00830000         0x00000400         rw !x
signature        0x00840000         0x00000400         rw !x
*default*        0x00000000         0xffffffff

Linker script and memory map

LOAD /usr/lib/gcc/avr/4.3.4/../../../avr/lib/avrxmega6/crtx128a3.o
LOAD inneradc.o
LOAD twi_master_driver.o
LOAD support.o
LOAD usart_driver.o
LOAD /usr/lib/gcc/avr/4.3.4/../../../avr/lib/avrxmega6/libm.a
LOAD /usr/lib/gcc/avr/4.3.4/avrxmega6/libgcc.a
LOAD /usr/lib/gcc/avr/4.3.4/../../../avr/lib/avrxmega6/libc.a
LOAD /usr/lib/gcc/avr/4.3.4/avrxmega6/libgcc.a

.hash
 *(.hash)

.dynsym
 *(.dynsym)

.dynstr
 *(.dynstr)

.gnu.version
 *(.gnu.version)

.gnu.version_d
 *(.gnu.version_d)

.gnu.version_r
 *(.gnu.version_r)

.rel.init
 *(.rel.init)

.rela.init
 *(.rela.init)

.rel.text
 *(.rel.text)
 *(.rel.text.*)
 *(.rel.gnu.linkonce.t*)

.rela.text
 *(.rela.text)
 *(.rela.text.*)
 *(.rela.gnu.linkonce.t*)

.rel.fini
 *(.rel.fini)

.rela.fini
 *(.rela.fini)

.rel.rodata
 *(.rel.rodata)
 *(.rel.rodata.*)
 *(.rel.gnu.linkonce.r*)

.rela.rodata
 *(.rela.rodata)
 *(.rela.rodata.*)
 *(.rela.gnu.linkonce.r*)

.rel.data
 *(.rel.data)
 *(.rel.data.*)
 *(.rel.gnu.linkonce.d*)

.rela.data
 *(.rela.data)
 *(.rela.data.*)
 *(.rela.gnu.linkonce.d*)

.rel.ctors
 *(.rel.ctors)

.rela.ctors
 *(.rela.ctors)

.rel.dtors
 *(.rel.dtors)

.rela.dtors
 *(.rela.dtors)

.rel.got
 *(.rel.got)

.rela.got
 *(.rela.got)

.rel.bss
 *(.rel.bss)

.rela.bss
 *(.rela.bss)

.rel.plt
 *(.rel.plt)

.rela.plt
 *(.rela.plt)

.text           0x00000000     0x127c
 *(.vectors)
 .vectors       0x00000000      0x1e8 /usr/lib/gcc/avr/4.3.4/../../../avr/lib/avrxmega6/crtx128a3.o
                0x00000000                __vectors
                0x00000000                __vector_default
 *(.vectors)
 *(.progmem.gcc*)
 *(.progmem*)
                0x000001e8                . = ALIGN (0x2)
                0x000001e8                __trampolines_start = .
 *(.trampolines)
 .trampolines   0x000001e8        0x0 linker stubs
 *(.trampolines*)
                0x000001e8                __trampolines_end = .
 *(.jumptables)
 *(.jumptables*)
 *(.lowtext)
 *(.lowtext*)
                0x000001e8                __ctors_start = .
 *(.ctors)
                0x000001e8                __ctors_end = .
                0x000001e8                __dtors_start = .
 *(.dtors)
                0x000001e8                __dtors_end = .
 SORT(*)(.ctors)
 SORT(*)(.dtors)
 *(.init0)
 .init0         0x000001e8        0x0 /usr/lib/gcc/avr/4.3.4/../../../avr/lib/avrxmega6/crtx128a3.o
                0x000001e8                __init
 *(.init0)
 *(.init1)
 *(.init1)
 *(.init2)
 .init2         0x000001e8       0x10 /usr/lib/gcc/avr/4.3.4/../../../avr/lib/avrxmega6/crtx128a3.o
 *(.init2)
 *(.init3)
 *(.init3)
 *(.init4)
 .init4         0x000001f8       0x1a /usr/lib/gcc/avr/4.3.4/../../../avr/lib/avrxmega6/crtx128a3.o
                0x000001f8                __do_copy_data
 .init4         0x00000212       0x10 /usr/lib/gcc/avr/4.3.4/avrxmega6/libgcc.a(_clear_bss.o)
                0x00000212                __do_clear_bss
 *(.init4)
 *(.init5)
 *(.init5)
 *(.init6)
 *(.init6)
 *(.init7)
 *(.init7)
 *(.init8)
 *(.init8)
 *(.init9)
 .init9         0x00000222        0x8 /usr/lib/gcc/avr/4.3.4/../../../avr/lib/avrxmega6/crtx128a3.o
 *(.init9)
 *(.text)
 .text          0x0000022a        0x4 /usr/lib/gcc/avr/4.3.4/../../../avr/lib/avrxmega6/crtx128a3.o
                0x0000022a                __vector_38
                0x0000022a                __vector_104
                0x0000022a                __vector_22
                0x0000022a                __vector_63
                0x0000022a                __vector_28
                0x0000022a                __vector_67
                0x0000022a                __vector_1
                0x0000022a                __vector_119
                0x0000022a                __vector_32
                0x0000022a                __vector_75
                0x0000022a                __vector_71
                0x0000022a                __vector_91
                0x0000022a                __vector_34
                0x0000022a                __vector_62
                0x0000022a                __vector_77
                0x0000022a                __vector_102
                0x0000022a                __vector_24
                0x0000022a                __vector_12
                0x0000022a                __vector_55
                0x0000022a                __vector_69
                0x0000022a                __vector_81
                0x0000022a                __vector_90
                0x0000022a                __vector_46
                0x0000022a                __bad_interrupt
                0x0000022a                __vector_72
                0x0000022a                __vector_114
                0x0000022a                __vector_6
                0x0000022a                __vector_110
                0x0000022a                __vector_31
                0x0000022a                __vector_92
                0x0000022a                __vector_35
                0x0000022a                __vector_78
                0x0000022a                __vector_74
                0x0000022a                __vector_117
                0x0000022a                __vector_39
                0x0000022a                __vector_107
                0x0000022a                __vector_3
                0x0000022a                __vector_105
                0x0000022a                __vector_98
                0x0000022a                __vector_23
                0x0000022a                __vector_68
                0x0000022a                __vector_30
                0x0000022a                __vector_73
                0x0000022a                __vector_45
                0x0000022a                __vector_25
                0x0000022a                __vector_93
                0x0000022a                __vector_61
                0x0000022a                __vector_11
                0x0000022a                __vector_54
                0x0000022a                __vector_99
                0x0000022a                __vector_13
                0x0000022a                __vector_17
                0x0000022a                __vector_19
                0x0000022a                __vector_56
                0x0000022a                __vector_7
                0x0000022a                __vector_49
                0x0000022a                __vector_41
                0x0000022a                __vector_86
                0x0000022a                __vector_100
                0x0000022a                __vector_101
                0x0000022a                __vector_64
                0x0000022a                __vector_88
                0x0000022a                __vector_109
                0x0000022a                __vector_43
                0x0000022a                __vector_27
                0x0000022a                __vector_5
                0x0000022a                __vector_113
                0x0000022a                __vector_33
                0x0000022a                __vector_76
                0x0000022a                __vector_115
                0x0000022a                __vector_47
                0x0000022a                __vector_52
                0x0000022a                __vector_37
                0x0000022a                __vector_95
                0x0000022a                __vector_103
                0x0000022a                __vector_96
                0x0000022a                __vector_89
                0x0000022a                __vector_108
                0x0000022a                __vector_4
                0x0000022a                __vector_44
                0x0000022a                __vector_82
                0x0000022a                __vector_106
                0x0000022a                __vector_118
                0x0000022a                __vector_51
                0x0000022a                __vector_9
                0x0000022a                __vector_2
                0x0000022a                __vector_21
                0x0000022a                __vector_15
                0x0000022a                __vector_66
                0x0000022a                __vector_36
                0x0000022a                __vector_79
                0x0000022a                __vector_70
                0x0000022a                __vector_83
                0x0000022a                __vector_29
                0x0000022a                __vector_60
                0x0000022a                __vector_121
                0x0000022a                __vector_40
                0x0000022a                __vector_85
                0x0000022a                __vector_94
                0x0000022a                __vector_8
                0x0000022a                __vector_26
                0x0000022a                __vector_48
                0x0000022a                __vector_116
                0x0000022a                __vector_112
                0x0000022a                __vector_111
                0x0000022a                __vector_80
                0x0000022a                __vector_14
                0x0000022a                __vector_84
                0x0000022a                __vector_57
                0x0000022a                __vector_53
                0x0000022a                __vector_10
                0x0000022a                __vector_50
                0x0000022a                __vector_16
                0x0000022a                __vector_18
                0x0000022a                __vector_97
                0x0000022a                __vector_20
                0x0000022a                __vector_42
                0x0000022a                __vector_87
                0x0000022a                __vector_65
                0x0000022a                __vector_120
 .text          0x0000022e      0x23a inneradc.o
                0x0000022e                __vector_59
                0x00000282                __vector_58
                0x000002fc                main
 .text          0x00000468      0x27e twi_master_driver.o
                0x00000468                TWI_MasterInit
                0x00000488                TWI_MasterState
                0x0000049c                TWI_MasterReady
                0x000004a4                TWI_MasterWriteRead
                0x00000546                TWI_MasterRead
                0x00000558                TWI_MasterWrite
                0x00000564                TWI_MasterArbitrationLostBusErrorHandler
                0x0000058e                TWI_MasterWriteHandler
                0x00000606                TWI_MasterReadHandler
                0x00000678                TWI_MasterInterruptHandler
                0x000006de                TWI_MasterTransactionFinished
 .text          0x000006e6      0x47e support.o
                0x000006e6                ReadCalibrationByte
                0x000006fa                CCPWrite
                0x00000724                ValueFunk
                0x000007fc                getaccel
                0x000008be                getroll
                0x0000092c                exponent
                0x000009a8                outputlong
                0x00000a54                output
                0x00000b04                sendchar
                0x00000b40                sendstring
 .text          0x00000b64      0x15a usart_driver.o
                0x00000b64                USART_InterruptDriver_Initialize
                0x00000b78                USART_InterruptDriver_DreInterruptLevel_Set
                0x00000b80                USART_TXBuffer_FreeSpace
                0x00000b94                USART_TXBuffer_PutByte
                0x00000bdc                USART_RXBufferData_Available
                0x00000bec                USART_RXBuffer_GetByte
                0x00000c0c                USART_RXComplete
                0x00000c44                USART_DataRegEmpty
                0x00000c8c                USART_NineBits_PutChar
                0x00000ca2                USART_NineBits_GetChar
 .text          0x00000cbe        0x0 /usr/lib/gcc/avr/4.3.4/avrxmega6/libgcc.a(_exit.o)
 .text          0x00000cbe        0x0 /usr/lib/gcc/avr/4.3.4/avrxmega6/libgcc.a(_clear_bss.o)
 .text          0x00000cbe        0x0 /usr/lib/gcc/avr/4.3.4/../../../avr/lib/avrxmega6/libc.a(printf.o)
 .text          0x00000cbe        0x0 /usr/lib/gcc/avr/4.3.4/../../../avr/lib/avrxmega6/libc.a(sprintf.o)
 .text          0x00000cbe        0x0 /usr/lib/gcc/avr/4.3.4/../../../avr/lib/avrxmega6/libc.a(vfprintf_std.o)
 .text          0x00000cbe        0x0 /usr/lib/gcc/avr/4.3.4/../../../avr/lib/avrxmega6/libc.a(strnlen_P.o)
 .text          0x00000cbe        0x0 /usr/lib/gcc/avr/4.3.4/../../../avr/lib/avrxmega6/libc.a(strnlen.o)
 .text          0x00000cbe        0x0 /usr/lib/gcc/avr/4.3.4/../../../avr/lib/avrxmega6/libc.a(fputc.o)
 .text          0x00000cbe        0x0 /usr/lib/gcc/avr/4.3.4/../../../avr/lib/avrxmega6/libc.a(iob.o)
 .text          0x00000cbe        0x0 /usr/lib/gcc/avr/4.3.4/../../../avr/lib/avrxmega6/libc.a(ultoa_invert.o)
                0x00000cbe                . = ALIGN (0x2)
 *(.text.*)
 .text.libgcc   0x00000cbe        0x0 /usr/lib/gcc/avr/4.3.4/avrxmega6/libgcc.a(_exit.o)
 .text.libgcc   0x00000cbe        0x0 /usr/lib/gcc/avr/4.3.4/avrxmega6/libgcc.a(_clear_bss.o)
 .text.avr-libc
                0x00000cbe       0x24 /usr/lib/gcc/avr/4.3.4/../../../avr/lib/avrxmega6/libc.a(printf.o)
                0x00000cbe                printf
 .text.avr-libc
                0x00000ce2       0x56 /usr/lib/gcc/avr/4.3.4/../../../avr/lib/avrxmega6/libc.a(sprintf.o)
                0x00000ce2                sprintf
 .text.avr-libc
                0x00000d38      0x400 /usr/lib/gcc/avr/4.3.4/../../../avr/lib/avrxmega6/libc.a(vfprintf_std.o)
                0x00000d38                vfprintf
 .text.avr-libc
                0x00001138       0x16 /usr/lib/gcc/avr/4.3.4/../../../avr/lib/avrxmega6/libc.a(strnlen_P.o)
                0x00001138                strnlen_P
 .text.avr-libc
                0x0000114e       0x16 /usr/lib/gcc/avr/4.3.4/../../../avr/lib/avrxmega6/libc.a(strnlen.o)
                0x0000114e                strnlen
 .text.avr-libc
                0x00001164       0x58 /usr/lib/gcc/avr/4.3.4/../../../avr/lib/avrxmega6/libc.a(fputc.o)
                0x00001164                fputc
 .text.avr-libc
                0x000011bc       0xbc /usr/lib/gcc/avr/4.3.4/../../../avr/lib/avrxmega6/libc.a(ultoa_invert.o)
                0x000011bc                __ultoa_invert
                0x00001278                . = ALIGN (0x2)
 *(.fini9)
 .fini9         0x00001278        0x0 /usr/lib/gcc/avr/4.3.4/avrxmega6/libgcc.a(_exit.o)
                0x00001278                exit
                0x00001278                _exit
 *(.fini9)
 *(.fini8)
 *(.fini8)
 *(.fini7)
 *(.fini7)
 *(.fini6)
 *(.fini6)
 *(.fini5)
 *(.fini5)
 *(.fini4)
 *(.fini4)
 *(.fini3)
 *(.fini3)
 *(.fini2)
 *(.fini2)
 *(.fini1)
 *(.fini1)
 *(.fini0)
 .fini0         0x00001278        0x4 /usr/lib/gcc/avr/4.3.4/avrxmega6/libgcc.a(_exit.o)
 *(.fini0)
                0x0000127c                _etext = .

.data           0x00802000        0xa load address 0x0000127c
                0x00802000                PROVIDE (__data_start, .)
 *(.data)
 .data          0x00802000        0x0 /usr/lib/gcc/avr/4.3.4/../../../avr/lib/avrxmega6/crtx128a3.o
 .data          0x00802000        0x6 inneradc.o
 .data          0x00802006        0x0 twi_master_driver.o
 .data          0x00802006        0x4 support.o
 .data          0x0080200a        0x0 usart_driver.o
 .data          0x0080200a        0x0 /usr/lib/gcc/avr/4.3.4/avrxmega6/libgcc.a(_exit.o)
 .data          0x0080200a        0x0 /usr/lib/gcc/avr/4.3.4/avrxmega6/libgcc.a(_clear_bss.o)
 .data          0x0080200a        0x0 /usr/lib/gcc/avr/4.3.4/../../../avr/lib/avrxmega6/libc.a(printf.o)
 .data          0x0080200a        0x0 /usr/lib/gcc/avr/4.3.4/../../../avr/lib/avrxmega6/libc.a(sprintf.o)
 .data          0x0080200a        0x0 /usr/lib/gcc/avr/4.3.4/../../../avr/lib/avrxmega6/libc.a(vfprintf_std.o)
 .data          0x0080200a        0x0 /usr/lib/gcc/avr/4.3.4/../../../avr/lib/avrxmega6/libc.a(strnlen_P.o)
 .data          0x0080200a        0x0 /usr/lib/gcc/avr/4.3.4/../../../avr/lib/avrxmega6/libc.a(strnlen.o)
 .data          0x0080200a        0x0 /usr/lib/gcc/avr/4.3.4/../../../avr/lib/avrxmega6/libc.a(fputc.o)
 .data          0x0080200a        0x0 /usr/lib/gcc/avr/4.3.4/../../../avr/lib/avrxmega6/libc.a(iob.o)
 .data          0x0080200a        0x0 /usr/lib/gcc/avr/4.3.4/../../../avr/lib/avrxmega6/libc.a(ultoa_invert.o)
 *(.data*)
 *(.rodata)
 *(.rodata*)
 *(.gnu.linkonce.d*)
                0x0080200a                . = ALIGN (0x2)
                0x0080200a                _edata = .
                0x0080200a                PROVIDE (__data_end, .)

.bss            0x0080200a       0x24
                0x0080200a                PROVIDE (__bss_start, .)
 *(.bss)
 .bss           0x0080200a        0x0 /usr/lib/gcc/avr/4.3.4/../../../avr/lib/avrxmega6/crtx128a3.o
 .bss           0x0080200a        0x1 inneradc.o
                0x0080200a                readdata
 .bss           0x0080200b        0x0 twi_master_driver.o
 .bss           0x0080200b        0x0 support.o
 .bss           0x0080200b        0x0 usart_driver.o
 .bss           0x0080200b        0x0 /usr/lib/gcc/avr/4.3.4/avrxmega6/libgcc.a(_exit.o)
 .bss           0x0080200b        0x0 /usr/lib/gcc/avr/4.3.4/avrxmega6/libgcc.a(_clear_bss.o)
 .bss           0x0080200b        0x0 /usr/lib/gcc/avr/4.3.4/../../../avr/lib/avrxmega6/libc.a(printf.o)
 .bss           0x0080200b        0x0 /usr/lib/gcc/avr/4.3.4/../../../avr/lib/avrxmega6/libc.a(sprintf.o)
 .bss           0x0080200b        0x0 /usr/lib/gcc/avr/4.3.4/../../../avr/lib/avrxmega6/libc.a(vfprintf_std.o)
 .bss           0x0080200b        0x0 /usr/lib/gcc/avr/4.3.4/../../../avr/lib/avrxmega6/libc.a(strnlen_P.o)
 .bss           0x0080200b        0x0 /usr/lib/gcc/avr/4.3.4/../../../avr/lib/avrxmega6/libc.a(strnlen.o)
 .bss           0x0080200b        0x0 /usr/lib/gcc/avr/4.3.4/../../../avr/lib/avrxmega6/libc.a(fputc.o)
 .bss           0x0080200b        0x0 /usr/lib/gcc/avr/4.3.4/../../../avr/lib/avrxmega6/libc.a(iob.o)
 .bss           0x0080200b        0x0 /usr/lib/gcc/avr/4.3.4/../../../avr/lib/avrxmega6/libc.a(ultoa_invert.o)
 *(.bss*)
 *(COMMON)
 COMMON         0x0080200b       0x1d inneradc.o
                0x0080200b                input
                0x0080200c                xbee
 COMMON         0x00802028        0x6 /usr/lib/gcc/avr/4.3.4/../../../avr/lib/avrxmega6/libc.a(iob.o)
                0x00802028                __iob
                0x0080202e                PROVIDE (__bss_end, .)
                0x0000127c                __data_load_start = LOADADDR (.data)
                0x00001286                __data_load_end = (__data_load_start + SIZEOF (.data))

.noinit         0x0080202e        0x0
                0x0080202e                PROVIDE (__noinit_start, .)
 *(.noinit*)
                0x0080202e                PROVIDE (__noinit_end, .)
                0x0080202e                _end = .
                0x0080202e                PROVIDE (__heap_start, .)

.eeprom         0x00810000        0x0
 *(.eeprom*)
                0x00810000                __eeprom_end = .

.fuse
 *(.fuse)
 *(.lfuse)
 *(.hfuse)
 *(.efuse)

.lock
 *(.lock*)

.signature
 *(.signature*)

.stab           0x00000000     0x1ef0
 *(.stab)
 .stab          0x00000000      0x768 /usr/lib/gcc/avr/4.3.4/../../../avr/lib/avrxmega6/crtx128a3.o
 .stab          0x00000768      0x360 /usr/lib/gcc/avr/4.3.4/../../../avr/lib/avrxmega6/libc.a(printf.o)
                                0x36c (size before relaxing)
 .stab          0x00000ac8      0x1f8 /usr/lib/gcc/avr/4.3.4/../../../avr/lib/avrxmega6/libc.a(sprintf.o)
                                0x3d8 (size before relaxing)
 .stab          0x00000cc0      0x978 /usr/lib/gcc/avr/4.3.4/../../../avr/lib/avrxmega6/libc.a(vfprintf_std.o)
                                0xb58 (size before relaxing)
 .stab          0x00001638       0x9c /usr/lib/gcc/avr/4.3.4/../../../avr/lib/avrxmega6/libc.a(strnlen_P.o)
                                 0xa8 (size before relaxing)
 .stab          0x000016d4       0x9c /usr/lib/gcc/avr/4.3.4/../../../avr/lib/avrxmega6/libc.a(strnlen.o)
                                 0xa8 (size before relaxing)
 .stab          0x00001770      0x1d4 /usr/lib/gcc/avr/4.3.4/../../../avr/lib/avrxmega6/libc.a(fputc.o)
                                0x3b4 (size before relaxing)
 .stab          0x00001944      0x12c /usr/lib/gcc/avr/4.3.4/../../../avr/lib/avrxmega6/libc.a(iob.o)
                                0x30c (size before relaxing)
 .stab          0x00001a70      0x480 /usr/lib/gcc/avr/4.3.4/../../../avr/lib/avrxmega6/libc.a(ultoa_invert.o)
                                0x48c (size before relaxing)

.stabstr        0x00000000      0xd2a
 *(.stabstr)
 .stabstr       0x00000000      0xd2a /usr/lib/gcc/avr/4.3.4/../../../avr/lib/avrxmega6/crtx128a3.o

.stab.excl
 *(.stab.excl)

.stab.exclstr
 *(.stab.exclstr)

.stab.index
 *(.stab.index)

.stab.indexstr
 *(.stab.indexstr)

.comment
 *(.comment)

.debug
 *(.debug)

.line
 *(.line)

.debug_srcinfo
 *(.debug_srcinfo)

.debug_sfnames
 *(.debug_sfnames)

.debug_aranges  0x00000000       0x80
 *(.debug_aranges)
 .debug_aranges
                0x00000000       0x20 inneradc.o
 .debug_aranges
                0x00000020       0x20 twi_master_driver.o
 .debug_aranges
                0x00000040       0x20 support.o
 .debug_aranges
                0x00000060       0x20 usart_driver.o

.debug_pubnames
                0x00000000      0x368
 *(.debug_pubnames)
 .debug_pubnames
                0x00000000       0x5b inneradc.o
 .debug_pubnames
                0x0000005b      0x12f twi_master_driver.o
 .debug_pubnames
                0x0000018a       0xa1 support.o
 .debug_pubnames
                0x0000022b      0x13d usart_driver.o

.debug_info     0x00000000     0x21bd
 *(.debug_info)
 .debug_info    0x00000000      0x984 inneradc.o
 .debug_info    0x00000984      0x7d3 twi_master_driver.o
 .debug_info    0x00001157      0xac6 support.o
 .debug_info    0x00001c1d      0x5a0 usart_driver.o
 *(.gnu.linkonce.wi.*)

.debug_abbrev   0x00000000      0x82a
 *(.debug_abbrev)
 .debug_abbrev  0x00000000      0x1e6 inneradc.o
 .debug_abbrev  0x000001e6      0x235 twi_master_driver.o
 .debug_abbrev  0x0000041b      0x1c1 support.o
 .debug_abbrev  0x000005dc      0x24e usart_driver.o

.debug_line     0x00000000      0xd58
 *(.debug_line)
 .debug_line    0x00000000      0x2b2 inneradc.o
 .debug_line    0x000002b2      0x3fa twi_master_driver.o
 .debug_line    0x000006ac      0x3d3 support.o
 .debug_line    0x00000a7f      0x2d9 usart_driver.o

.debug_frame    0x00000000      0x260
 *(.debug_frame)
 .debug_frame   0x00000000       0x40 inneradc.o
 .debug_frame   0x00000040       0xc0 twi_master_driver.o
 .debug_frame   0x00000100       0xb0 support.o
 .debug_frame   0x000001b0       0xb0 usart_driver.o

.debug_str      0x00000000      0xff7
 *(.debug_str)
 .debug_str     0x00000000      0x5aa inneradc.o
                                0x62b (size before relaxing)
 .debug_str     0x000005aa      0x4ac twi_master_driver.o
                                0x59c (size before relaxing)
 .debug_str     0x00000a56      0x42f support.o
                                0x8a1 (size before relaxing)
 .debug_str     0x00000e85      0x172 usart_driver.o
                                0x39e (size before relaxing)

.debug_loc      0x00000000      0xc0a
 *(.debug_loc)
 .debug_loc     0x00000000       0x48 inneradc.o
 .debug_loc     0x00000048      0x32d twi_master_driver.o
 .debug_loc     0x00000375      0x67e support.o
 .debug_loc     0x000009f3      0x217 usart_driver.o

.debug_macinfo
 *(.debug_macinfo)
OUTPUT(flightcontrol.elf elf32-avr)
LOAD linker stubs

.debug_ranges   0x00000000       0x48
 .debug_ranges  0x00000000       0x48 inneradc.o

Cross Reference Table

Symbol                                            File
CCPWrite                                          support.o
ReadCalibrationByte                               support.o
                                                  inneradc.o
TWI_MasterArbitrationLostBusErrorHandler          twi_master_driver.o
TWI_MasterInit                                    twi_master_driver.o
TWI_MasterInterruptHandler                        twi_master_driver.o
TWI_MasterRead                                    twi_master_driver.o
TWI_MasterReadHandler                             twi_master_driver.o
TWI_MasterReady                                   twi_master_driver.o
TWI_MasterState                                   twi_master_driver.o
TWI_MasterTransactionFinished                     twi_master_driver.o
TWI_MasterWrite                                   twi_master_driver.o
TWI_MasterWriteHandler                            twi_master_driver.o
TWI_MasterWriteRead                               twi_master_driver.o
                                                  support.o
USART_DataRegEmpty                                usart_driver.o
                                                  inneradc.o
USART_InterruptDriver_DreInterruptLevel_Set       usart_driver.o
USART_InterruptDriver_Initialize                  usart_driver.o
                                                  inneradc.o
USART_NineBits_GetChar                            usart_driver.o
USART_NineBits_PutChar                            usart_driver.o
USART_RXBufferData_Available                      usart_driver.o
USART_RXBuffer_GetByte                            usart_driver.o
                                                  inneradc.o
USART_RXComplete                                  usart_driver.o
                                                  inneradc.o
USART_TXBuffer_FreeSpace                          usart_driver.o
USART_TXBuffer_PutByte                            usart_driver.o
                                                  support.o
ValueFunk                                         support.o
__bad_interrupt                                   /usr/lib/gcc/avr/4.3.4/../../../avr/lib/avrxmega6/crtx128a3.o
__bss_end                                         /usr/lib/gcc/avr/4.3.4/avrxmega6/libgcc.a(_clear_bss.o)
__bss_start                                       /usr/lib/gcc/avr/4.3.4/avrxmega6/libgcc.a(_clear_bss.o)
__data_end                                        /usr/lib/gcc/avr/4.3.4/../../../avr/lib/avrxmega6/crtx128a3.o
__data_load_start                                 /usr/lib/gcc/avr/4.3.4/../../../avr/lib/avrxmega6/crtx128a3.o
__data_start                                      /usr/lib/gcc/avr/4.3.4/../../../avr/lib/avrxmega6/crtx128a3.o
__do_clear_bss                                    /usr/lib/gcc/avr/4.3.4/avrxmega6/libgcc.a(_clear_bss.o)
                                                  /usr/lib/gcc/avr/4.3.4/../../../avr/lib/avrxmega6/libc.a(iob.o)
                                                  /usr/lib/gcc/avr/4.3.4/../../../avr/lib/avrxmega6/libc.a(fputc.o)
                                                  /usr/lib/gcc/avr/4.3.4/../../../avr/lib/avrxmega6/libc.a(vfprintf_std.o)
                                                  /usr/lib/gcc/avr/4.3.4/../../../avr/lib/avrxmega6/libc.a(sprintf.o)
                                                  /usr/lib/gcc/avr/4.3.4/../../../avr/lib/avrxmega6/libc.a(printf.o)
                                                  usart_driver.o
                                                  support.o
                                                  twi_master_driver.o
                                                  inneradc.o
__do_copy_data                                    /usr/lib/gcc/avr/4.3.4/../../../avr/lib/avrxmega6/crtx128a3.o
                                                  /usr/lib/gcc/avr/4.3.4/../../../avr/lib/avrxmega6/libc.a(iob.o)
                                                  /usr/lib/gcc/avr/4.3.4/../../../avr/lib/avrxmega6/libc.a(fputc.o)
                                                  /usr/lib/gcc/avr/4.3.4/../../../avr/lib/avrxmega6/libc.a(vfprintf_std.o)
                                                  /usr/lib/gcc/avr/4.3.4/../../../avr/lib/avrxmega6/libc.a(sprintf.o)
                                                  /usr/lib/gcc/avr/4.3.4/../../../avr/lib/avrxmega6/libc.a(printf.o)
                                                  usart_driver.o
                                                  support.o
                                                  twi_master_driver.o
                                                  inneradc.o
__heap_end                                        /usr/lib/gcc/avr/4.3.4/../../../avr/lib/avrxmega6/crtx128a3.o
__init                                            /usr/lib/gcc/avr/4.3.4/../../../avr/lib/avrxmega6/crtx128a3.o
__iob                                             /usr/lib/gcc/avr/4.3.4/../../../avr/lib/avrxmega6/libc.a(iob.o)
                                                  /usr/lib/gcc/avr/4.3.4/../../../avr/lib/avrxmega6/libc.a(printf.o)
__stack                                           /usr/lib/gcc/avr/4.3.4/../../../avr/lib/avrxmega6/crtx128a3.o
__ultoa_invert                                    /usr/lib/gcc/avr/4.3.4/../../../avr/lib/avrxmega6/libc.a(ultoa_invert.o)
                                                  /usr/lib/gcc/avr/4.3.4/../../../avr/lib/avrxmega6/libc.a(vfprintf_std.o)
__vector_1                                        /usr/lib/gcc/avr/4.3.4/../../../avr/lib/avrxmega6/crtx128a3.o
__vector_10                                       /usr/lib/gcc/avr/4.3.4/../../../avr/lib/avrxmega6/crtx128a3.o
__vector_100                                      /usr/lib/gcc/avr/4.3.4/../../../avr/lib/avrxmega6/crtx128a3.o
__vector_101                                      /usr/lib/gcc/avr/4.3.4/../../../avr/lib/avrxmega6/crtx128a3.o
__vector_102                                      /usr/lib/gcc/avr/4.3.4/../../../avr/lib/avrxmega6/crtx128a3.o
__vector_103                                      /usr/lib/gcc/avr/4.3.4/../../../avr/lib/avrxmega6/crtx128a3.o
__vector_104                                      /usr/lib/gcc/avr/4.3.4/../../../avr/lib/avrxmega6/crtx128a3.o
__vector_105                                      /usr/lib/gcc/avr/4.3.4/../../../avr/lib/avrxmega6/crtx128a3.o
__vector_106                                      /usr/lib/gcc/avr/4.3.4/../../../avr/lib/avrxmega6/crtx128a3.o
__vector_107                                      /usr/lib/gcc/avr/4.3.4/../../../avr/lib/avrxmega6/crtx128a3.o
__vector_108                                      /usr/lib/gcc/avr/4.3.4/../../../avr/lib/avrxmega6/crtx128a3.o
__vector_109                                      /usr/lib/gcc/avr/4.3.4/../../../avr/lib/avrxmega6/crtx128a3.o
__vector_11                                       /usr/lib/gcc/avr/4.3.4/../../../avr/lib/avrxmega6/crtx128a3.o
__vector_110                                      /usr/lib/gcc/avr/4.3.4/../../../avr/lib/avrxmega6/crtx128a3.o
__vector_111                                      /usr/lib/gcc/avr/4.3.4/../../../avr/lib/avrxmega6/crtx128a3.o
__vector_112                                      /usr/lib/gcc/avr/4.3.4/../../../avr/lib/avrxmega6/crtx128a3.o
__vector_113                                      /usr/lib/gcc/avr/4.3.4/../../../avr/lib/avrxmega6/crtx128a3.o
__vector_114                                      /usr/lib/gcc/avr/4.3.4/../../../avr/lib/avrxmega6/crtx128a3.o
__vector_115                                      /usr/lib/gcc/avr/4.3.4/../../../avr/lib/avrxmega6/crtx128a3.o
__vector_116                                      /usr/lib/gcc/avr/4.3.4/../../../avr/lib/avrxmega6/crtx128a3.o
__vector_117                                      /usr/lib/gcc/avr/4.3.4/../../../avr/lib/avrxmega6/crtx128a3.o
__vector_118                                      /usr/lib/gcc/avr/4.3.4/../../../avr/lib/avrxmega6/crtx128a3.o
__vector_119                                      /usr/lib/gcc/avr/4.3.4/../../../avr/lib/avrxmega6/crtx128a3.o
__vector_12                                       /usr/lib/gcc/avr/4.3.4/../../../avr/lib/avrxmega6/crtx128a3.o
__vector_120                                      /usr/lib/gcc/avr/4.3.4/../../../avr/lib/avrxmega6/crtx128a3.o
__vector_121                                      /usr/lib/gcc/avr/4.3.4/../../../avr/lib/avrxmega6/crtx128a3.o
__vector_13                                       /usr/lib/gcc/avr/4.3.4/../../../avr/lib/avrxmega6/crtx128a3.o
__vector_14                                       /usr/lib/gcc/avr/4.3.4/../../../avr/lib/avrxmega6/crtx128a3.o
__vector_15                                       /usr/lib/gcc/avr/4.3.4/../../../avr/lib/avrxmega6/crtx128a3.o
__vector_16                                       /usr/lib/gcc/avr/4.3.4/../../../avr/lib/avrxmega6/crtx128a3.o
__vector_17                                       /usr/lib/gcc/avr/4.3.4/../../../avr/lib/avrxmega6/crtx128a3.o
__vector_18                                       /usr/lib/gcc/avr/4.3.4/../../../avr/lib/avrxmega6/crtx128a3.o
__vector_19                                       /usr/lib/gcc/avr/4.3.4/../../../avr/lib/avrxmega6/crtx128a3.o
__vector_2                                        /usr/lib/gcc/avr/4.3.4/../../../avr/lib/avrxmega6/crtx128a3.o
__vector_20                                       /usr/lib/gcc/avr/4.3.4/../../../avr/lib/avrxmega6/crtx128a3.o
__vector_21                                       /usr/lib/gcc/avr/4.3.4/../../../avr/lib/avrxmega6/crtx128a3.o
__vector_22                                       /usr/lib/gcc/avr/4.3.4/../../../avr/lib/avrxmega6/crtx128a3.o
__vector_23                                       /usr/lib/gcc/avr/4.3.4/../../../avr/lib/avrxmega6/crtx128a3.o
__vector_24                                       /usr/lib/gcc/avr/4.3.4/../../../avr/lib/avrxmega6/crtx128a3.o
__vector_25                                       /usr/lib/gcc/avr/4.3.4/../../../avr/lib/avrxmega6/crtx128a3.o
__vector_26                                       /usr/lib/gcc/avr/4.3.4/../../../avr/lib/avrxmega6/crtx128a3.o
__vector_27                                       /usr/lib/gcc/avr/4.3.4/../../../avr/lib/avrxmega6/crtx128a3.o
__vector_28                                       /usr/lib/gcc/avr/4.3.4/../../../avr/lib/avrxmega6/crtx128a3.o
__vector_29                                       /usr/lib/gcc/avr/4.3.4/../../../avr/lib/avrxmega6/crtx128a3.o
__vector_3                                        /usr/lib/gcc/avr/4.3.4/../../../avr/lib/avrxmega6/crtx128a3.o
__vector_30                                       /usr/lib/gcc/avr/4.3.4/../../../avr/lib/avrxmega6/crtx128a3.o
__vector_31                                       /usr/lib/gcc/avr/4.3.4/../../../avr/lib/avrxmega6/crtx128a3.o
__vector_32                                       /usr/lib/gcc/avr/4.3.4/../../../avr/lib/avrxmega6/crtx128a3.o
__vector_33                                       /usr/lib/gcc/avr/4.3.4/../../../avr/lib/avrxmega6/crtx128a3.o
__vector_34                                       /usr/lib/gcc/avr/4.3.4/../../../avr/lib/avrxmega6/crtx128a3.o
__vector_35                                       /usr/lib/gcc/avr/4.3.4/../../../avr/lib/avrxmega6/crtx128a3.o
__vector_36                                       /usr/lib/gcc/avr/4.3.4/../../../avr/lib/avrxmega6/crtx128a3.o
__vector_37                                       /usr/lib/gcc/avr/4.3.4/../../../avr/lib/avrxmega6/crtx128a3.o
__vector_38                                       /usr/lib/gcc/avr/4.3.4/../../../avr/lib/avrxmega6/crtx128a3.o
__vector_39                                       /usr/lib/gcc/avr/4.3.4/../../../avr/lib/avrxmega6/crtx128a3.o
__vector_4                                        /usr/lib/gcc/avr/4.3.4/../../../avr/lib/avrxmega6/crtx128a3.o
__vector_40                                       /usr/lib/gcc/avr/4.3.4/../../../avr/lib/avrxmega6/crtx128a3.o
__vector_41                                       /usr/lib/gcc/avr/4.3.4/../../../avr/lib/avrxmega6/crtx128a3.o
__vector_42                                       /usr/lib/gcc/avr/4.3.4/../../../avr/lib/avrxmega6/crtx128a3.o
__vector_43                                       /usr/lib/gcc/avr/4.3.4/../../../avr/lib/avrxmega6/crtx128a3.o
__vector_44                                       /usr/lib/gcc/avr/4.3.4/../../../avr/lib/avrxmega6/crtx128a3.o
__vector_45                                       /usr/lib/gcc/avr/4.3.4/../../../avr/lib/avrxmega6/crtx128a3.o
__vector_46                                       /usr/lib/gcc/avr/4.3.4/../../../avr/lib/avrxmega6/crtx128a3.o
__vector_47                                       /usr/lib/gcc/avr/4.3.4/../../../avr/lib/avrxmega6/crtx128a3.o
__vector_48                                       /usr/lib/gcc/avr/4.3.4/../../../avr/lib/avrxmega6/crtx128a3.o
__vector_49                                       /usr/lib/gcc/avr/4.3.4/../../../avr/lib/avrxmega6/crtx128a3.o
__vector_5                                        /usr/lib/gcc/avr/4.3.4/../../../avr/lib/avrxmega6/crtx128a3.o
__vector_50                                       /usr/lib/gcc/avr/4.3.4/../../../avr/lib/avrxmega6/crtx128a3.o
__vector_51                                       /usr/lib/gcc/avr/4.3.4/../../../avr/lib/avrxmega6/crtx128a3.o
__vector_52                                       /usr/lib/gcc/avr/4.3.4/../../../avr/lib/avrxmega6/crtx128a3.o
__vector_53                                       /usr/lib/gcc/avr/4.3.4/../../../avr/lib/avrxmega6/crtx128a3.o
__vector_54                                       /usr/lib/gcc/avr/4.3.4/../../../avr/lib/avrxmega6/crtx128a3.o
__vector_55                                       /usr/lib/gcc/avr/4.3.4/../../../avr/lib/avrxmega6/crtx128a3.o
__vector_56                                       /usr/lib/gcc/avr/4.3.4/../../../avr/lib/avrxmega6/crtx128a3.o
__vector_57                                       /usr/lib/gcc/avr/4.3.4/../../../avr/lib/avrxmega6/crtx128a3.o
__vector_58                                       inneradc.o
                                                  /usr/lib/gcc/avr/4.3.4/../../../avr/lib/avrxmega6/crtx128a3.o
__vector_59                                       inneradc.o
                                                  /usr/lib/gcc/avr/4.3.4/../../../avr/lib/avrxmega6/crtx128a3.o
__vector_6                                        /usr/lib/gcc/avr/4.3.4/../../../avr/lib/avrxmega6/crtx128a3.o
__vector_60                                       /usr/lib/gcc/avr/4.3.4/../../../avr/lib/avrxmega6/crtx128a3.o
__vector_61                                       /usr/lib/gcc/avr/4.3.4/../../../avr/lib/avrxmega6/crtx128a3.o
__vector_62                                       /usr/lib/gcc/avr/4.3.4/../../../avr/lib/avrxmega6/crtx128a3.o
__vector_63                                       /usr/lib/gcc/avr/4.3.4/../../../avr/lib/avrxmega6/crtx128a3.o
__vector_64                                       /usr/lib/gcc/avr/4.3.4/../../../avr/lib/avrxmega6/crtx128a3.o
__vector_65                                       /usr/lib/gcc/avr/4.3.4/../../../avr/lib/avrxmega6/crtx128a3.o
__vector_66                                       /usr/lib/gcc/avr/4.3.4/../../../avr/lib/avrxmega6/crtx128a3.o
__vector_67                                       /usr/lib/gcc/avr/4.3.4/../../../avr/lib/avrxmega6/crtx128a3.o
__vector_68                                       /usr/lib/gcc/avr/4.3.4/../../../avr/lib/avrxmega6/crtx128a3.o
__vector_69                                       /usr/lib/gcc/avr/4.3.4/../../../avr/lib/avrxmega6/crtx128a3.o
__vector_7                                        /usr/lib/gcc/avr/4.3.4/../../../avr/lib/avrxmega6/crtx128a3.o
__vector_70                                       /usr/lib/gcc/avr/4.3.4/../../../avr/lib/avrxmega6/crtx128a3.o
__vector_71                                       /usr/lib/gcc/avr/4.3.4/../../../avr/lib/avrxmega6/crtx128a3.o
__vector_72                                       /usr/lib/gcc/avr/4.3.4/../../../avr/lib/avrxmega6/crtx128a3.o
__vector_73                                       /usr/lib/gcc/avr/4.3.4/../../../avr/lib/avrxmega6/crtx128a3.o
__vector_74                                       /usr/lib/gcc/avr/4.3.4/../../../avr/lib/avrxmega6/crtx128a3.o
__vector_75                                       /usr/lib/gcc/avr/4.3.4/../../../avr/lib/avrxmega6/crtx128a3.o
__vector_76                                       /usr/lib/gcc/avr/4.3.4/../../../avr/lib/avrxmega6/crtx128a3.o
__vector_77                                       /usr/lib/gcc/avr/4.3.4/../../../avr/lib/avrxmega6/crtx128a3.o
__vector_78                                       /usr/lib/gcc/avr/4.3.4/../../../avr/lib/avrxmega6/crtx128a3.o
__vector_79                                       /usr/lib/gcc/avr/4.3.4/../../../avr/lib/avrxmega6/crtx128a3.o
__vector_8                                        /usr/lib/gcc/avr/4.3.4/../../../avr/lib/avrxmega6/crtx128a3.o
__vector_80                                       /usr/lib/gcc/avr/4.3.4/../../../avr/lib/avrxmega6/crtx128a3.o
__vector_81                                       /usr/lib/gcc/avr/4.3.4/../../../avr/lib/avrxmega6/crtx128a3.o
__vector_82                                       /usr/lib/gcc/avr/4.3.4/../../../avr/lib/avrxmega6/crtx128a3.o
__vector_83                                       /usr/lib/gcc/avr/4.3.4/../../../avr/lib/avrxmega6/crtx128a3.o
__vector_84                                       /usr/lib/gcc/avr/4.3.4/../../../avr/lib/avrxmega6/crtx128a3.o
__vector_85                                       /usr/lib/gcc/avr/4.3.4/../../../avr/lib/avrxmega6/crtx128a3.o
__vector_86                                       /usr/lib/gcc/avr/4.3.4/../../../avr/lib/avrxmega6/crtx128a3.o
__vector_87                                       /usr/lib/gcc/avr/4.3.4/../../../avr/lib/avrxmega6/crtx128a3.o
__vector_88                                       /usr/lib/gcc/avr/4.3.4/../../../avr/lib/avrxmega6/crtx128a3.o
__vector_89                                       /usr/lib/gcc/avr/4.3.4/../../../avr/lib/avrxmega6/crtx128a3.o
__vector_9                                        /usr/lib/gcc/avr/4.3.4/../../../avr/lib/avrxmega6/crtx128a3.o
__vector_90                                       /usr/lib/gcc/avr/4.3.4/../../../avr/lib/avrxmega6/crtx128a3.o
__vector_91                                       /usr/lib/gcc/avr/4.3.4/../../../avr/lib/avrxmega6/crtx128a3.o
__vector_92                                       /usr/lib/gcc/avr/4.3.4/../../../avr/lib/avrxmega6/crtx128a3.o
__vector_93                                       /usr/lib/gcc/avr/4.3.4/../../../avr/lib/avrxmega6/crtx128a3.o
__vector_94                                       /usr/lib/gcc/avr/4.3.4/../../../avr/lib/avrxmega6/crtx128a3.o
__vector_95                                       /usr/lib/gcc/avr/4.3.4/../../../avr/lib/avrxmega6/crtx128a3.o
__vector_96                                       /usr/lib/gcc/avr/4.3.4/../../../avr/lib/avrxmega6/crtx128a3.o
__vector_97                                       /usr/lib/gcc/avr/4.3.4/../../../avr/lib/avrxmega6/crtx128a3.o
__vector_98                                       /usr/lib/gcc/avr/4.3.4/../../../avr/lib/avrxmega6/crtx128a3.o
__vector_99                                       /usr/lib/gcc/avr/4.3.4/../../../avr/lib/avrxmega6/crtx128a3.o
__vector_default                                  /usr/lib/gcc/avr/4.3.4/../../../avr/lib/avrxmega6/crtx128a3.o
__vectors                                         /usr/lib/gcc/avr/4.3.4/../../../avr/lib/avrxmega6/crtx128a3.o
_exit                                             /usr/lib/gcc/avr/4.3.4/avrxmega6/libgcc.a(_exit.o)
exit                                              /usr/lib/gcc/avr/4.3.4/avrxmega6/libgcc.a(_exit.o)
                                                  /usr/lib/gcc/avr/4.3.4/../../../avr/lib/avrxmega6/crtx128a3.o
exponent                                          support.o
fputc                                             /usr/lib/gcc/avr/4.3.4/../../../avr/lib/avrxmega6/libc.a(fputc.o)
                                                  /usr/lib/gcc/avr/4.3.4/../../../avr/lib/avrxmega6/libc.a(vfprintf_std.o)
getaccel                                          support.o
getroll                                           support.o
input                                             inneradc.o
main                                              inneradc.o
                                                  /usr/lib/gcc/avr/4.3.4/../../../avr/lib/avrxmega6/crtx128a3.o
output                                            support.o
outputlong                                        support.o
printf                                            /usr/lib/gcc/avr/4.3.4/../../../avr/lib/avrxmega6/libc.a(printf.o)
                                                  support.o
readdata                                          inneradc.o
sendchar                                          support.o
sendstring                                        support.o
                                                  inneradc.o
sprintf                                           /usr/lib/gcc/avr/4.3.4/../../../avr/lib/avrxmega6/libc.a(sprintf.o)
                                                  inneradc.o
strnlen                                           /usr/lib/gcc/avr/4.3.4/../../../avr/lib/avrxmega6/libc.a(strnlen.o)
                                                  /usr/lib/gcc/avr/4.3.4/../../../avr/lib/avrxmega6/libc.a(vfprintf_std.o)
strnlen_P                                         /usr/lib/gcc/avr/4.3.4/../../../avr/lib/avrxmega6/libc.a(strnlen_P.o)
                                                  /usr/lib/gcc/avr/4.3.4/../../../avr/lib/avrxmega6/libc.a(vfprintf_std.o)
vfprintf                                          /usr/lib/gcc/avr/4.3.4/../../../avr/lib/avrxmega6/libc.a(vfprintf_std.o)
                                                  /usr/lib/gcc/avr/4.3.4/../../../avr/lib/avrxmega6/libc.a(sprintf.o)
                                                  /usr/lib/gcc/avr/4.3.4/../../../avr/lib/avrxmega6/libc.a(printf.o)
xbee                                              inneradc.o
