Archive member included because of file (symbol)

/usr/lib/gcc/avr/4.3.5/avrxmega6/libgcc.a(_divmodhi4.o)
                              flight.o (__divmodhi4)
/usr/lib/gcc/avr/4.3.5/avrxmega6/libgcc.a(_exit.o)
                              /usr/lib/gcc/avr/4.3.5/../../../avr/lib/avrxmega6/crtx128a3.o (exit)
/usr/lib/gcc/avr/4.3.5/avrxmega6/libgcc.a(_clear_bss.o)
                              flight.o (__do_clear_bss)
/usr/lib/gcc/avr/4.3.5/avrxmega6/libgcc.a(_divdi3.o)
                              support.o (__divdi3)
/usr/lib/gcc/avr/4.3.5/avrxmega6/libgcc.a(_mulsi3.o)
                              /usr/lib/gcc/avr/4.3.5/avrxmega6/libgcc.a(_divdi3.o) (__mulsi3)
/usr/lib/gcc/avr/4.3.5/avrxmega6/libgcc.a(_udivmodhi4.o)
                              /usr/lib/gcc/avr/4.3.5/avrxmega6/libgcc.a(_divmodhi4.o) (__udivmodhi4)
/usr/lib/gcc/avr/4.3.5/avrxmega6/libgcc.a(_udivmodsi4.o)
                              /usr/lib/gcc/avr/4.3.5/avrxmega6/libgcc.a(_divdi3.o) (__udivmodsi4)
/usr/lib/gcc/avr/4.3.5/avrxmega6/libgcc.a(_prologue.o)
                              /usr/lib/gcc/avr/4.3.5/avrxmega6/libgcc.a(_divdi3.o) (__prologue_saves__)
/usr/lib/gcc/avr/4.3.5/avrxmega6/libgcc.a(_epilogue.o)
                              /usr/lib/gcc/avr/4.3.5/avrxmega6/libgcc.a(_divdi3.o) (__epilogue_restores__)
/usr/lib/gcc/avr/4.3.5/avrxmega6/libgcc.a(_clz.o)
                              /usr/lib/gcc/avr/4.3.5/avrxmega6/libgcc.a(_divdi3.o) (__clz_tab)
/usr/lib/gcc/avr/4.3.5/../../../avr/lib/avrxmega6/libc.a(strcpy.o)
                              flight.o (strcpy)
/usr/lib/gcc/avr/4.3.5/../../../avr/lib/avrxmega6/libc.a(printf.o)
                              support.o (printf)
/usr/lib/gcc/avr/4.3.5/../../../avr/lib/avrxmega6/libc.a(sprintf.o)
                              flight.o (sprintf)
/usr/lib/gcc/avr/4.3.5/../../../avr/lib/avrxmega6/libc.a(vfprintf_std.o)
                              /usr/lib/gcc/avr/4.3.5/../../../avr/lib/avrxmega6/libc.a(printf.o) (vfprintf)
/usr/lib/gcc/avr/4.3.5/../../../avr/lib/avrxmega6/libc.a(strnlen_P.o)
                              /usr/lib/gcc/avr/4.3.5/../../../avr/lib/avrxmega6/libc.a(vfprintf_std.o) (strnlen_P)
/usr/lib/gcc/avr/4.3.5/../../../avr/lib/avrxmega6/libc.a(strnlen.o)
                              /usr/lib/gcc/avr/4.3.5/../../../avr/lib/avrxmega6/libc.a(vfprintf_std.o) (strnlen)
/usr/lib/gcc/avr/4.3.5/../../../avr/lib/avrxmega6/libc.a(fputc.o)
                              /usr/lib/gcc/avr/4.3.5/../../../avr/lib/avrxmega6/libc.a(vfprintf_std.o) (fputc)
/usr/lib/gcc/avr/4.3.5/../../../avr/lib/avrxmega6/libc.a(iob.o)
                              /usr/lib/gcc/avr/4.3.5/../../../avr/lib/avrxmega6/libc.a(printf.o) (__iob)
/usr/lib/gcc/avr/4.3.5/../../../avr/lib/avrxmega6/libc.a(ultoa_invert.o)
                              /usr/lib/gcc/avr/4.3.5/../../../avr/lib/avrxmega6/libc.a(vfprintf_std.o) (__ultoa_invert)

Allocating common symbols
Common symbol       size              file

imu                 0x1d              flight.o
input               0x1               flight.o
mega                0x1c              flight.o
inputir             0x4               flight.o
xbee                0x1c              flight.o
__iob               0x6               /usr/lib/gcc/avr/4.3.5/../../../avr/lib/avrxmega6/libc.a(iob.o)

Memory Configuration

Name             Origin             Length             Attributes
text             0x00000000         0x00100000         xr
data             0x00802000         0x0000ffa0         rw !x
eeprom           0x00810000         0x00010000         rw !x
fuse             0x00820000         0x00000400         rw !x
lock             0x00830000         0x00000400         rw !x
signature        0x00840000         0x00000400         rw !x
*default*        0x00000000         0xffffffff

Linker script and memory map

LOAD /usr/lib/gcc/avr/4.3.5/../../../avr/lib/avrxmega6/crtx128a3.o
LOAD flight.o
LOAD ../../drivers/twi_master_driver.o
LOAD support.o
LOAD ../../drivers/usart_driver.o
LOAD /usr/lib/gcc/avr/4.3.5/../../../avr/lib/avrxmega6/libm.a
LOAD /usr/lib/gcc/avr/4.3.5/avrxmega6/libgcc.a
LOAD /usr/lib/gcc/avr/4.3.5/../../../avr/lib/avrxmega6/libc.a
LOAD /usr/lib/gcc/avr/4.3.5/avrxmega6/libgcc.a

.hash
 *(.hash)

.dynsym
 *(.dynsym)

.dynstr
 *(.dynstr)

.gnu.version
 *(.gnu.version)

.gnu.version_d
 *(.gnu.version_d)

.gnu.version_r
 *(.gnu.version_r)

.rel.init
 *(.rel.init)

.rela.init
 *(.rela.init)

.rel.text
 *(.rel.text)
 *(.rel.text.*)
 *(.rel.gnu.linkonce.t*)

.rela.text
 *(.rela.text)
 *(.rela.text.*)
 *(.rela.gnu.linkonce.t*)

.rel.fini
 *(.rel.fini)

.rela.fini
 *(.rela.fini)

.rel.rodata
 *(.rel.rodata)
 *(.rel.rodata.*)
 *(.rel.gnu.linkonce.r*)

.rela.rodata
 *(.rela.rodata)
 *(.rela.rodata.*)
 *(.rela.gnu.linkonce.r*)

.rel.data
 *(.rel.data)
 *(.rel.data.*)
 *(.rel.gnu.linkonce.d*)

.rela.data
 *(.rela.data)
 *(.rela.data.*)
 *(.rela.gnu.linkonce.d*)

.rel.ctors
 *(.rel.ctors)

.rela.ctors
 *(.rela.ctors)

.rel.dtors
 *(.rel.dtors)

.rela.dtors
 *(.rela.dtors)

.rel.got
 *(.rel.got)

.rela.got
 *(.rela.got)

.rel.bss
 *(.rel.bss)

.rela.bss
 *(.rela.bss)

.rel.plt
 *(.rel.plt)

.rela.plt
 *(.rela.plt)

.text           0x00000000     0x3ce8
 *(.vectors)
 .vectors       0x00000000      0x1e8 /usr/lib/gcc/avr/4.3.5/../../../avr/lib/avrxmega6/crtx128a3.o
                0x00000000                __vectors
                0x00000000                __vector_default
 *(.vectors)
 *(.progmem.gcc*)
 *(.progmem*)
                0x000001e8                . = ALIGN (0x2)
                0x000001e8                __trampolines_start = .
 *(.trampolines)
 .trampolines   0x000001e8        0x0 linker stubs
 *(.trampolines*)
                0x000001e8                __trampolines_end = .
 *(.jumptables)
 *(.jumptables*)
 *(.lowtext)
 *(.lowtext*)
                0x000001e8                __ctors_start = .
 *(.ctors)
                0x000001e8                __ctors_end = .
                0x000001e8                __dtors_start = .
 *(.dtors)
                0x000001e8                __dtors_end = .
 SORT(*)(.ctors)
 SORT(*)(.dtors)
 *(.init0)
 .init0         0x000001e8        0x0 /usr/lib/gcc/avr/4.3.5/../../../avr/lib/avrxmega6/crtx128a3.o
                0x000001e8                __init
 *(.init0)
 *(.init1)
 *(.init1)
 *(.init2)
 .init2         0x000001e8       0x10 /usr/lib/gcc/avr/4.3.5/../../../avr/lib/avrxmega6/crtx128a3.o
 *(.init2)
 *(.init3)
 *(.init3)
 *(.init4)
 .init4         0x000001f8       0x1a /usr/lib/gcc/avr/4.3.5/../../../avr/lib/avrxmega6/crtx128a3.o
                0x000001f8                __do_copy_data
 .init4         0x00000212       0x10 /usr/lib/gcc/avr/4.3.5/avrxmega6/libgcc.a(_clear_bss.o)
                0x00000212                __do_clear_bss
 *(.init4)
 *(.init5)
 *(.init5)
 *(.init6)
 *(.init6)
 *(.init7)
 *(.init7)
 *(.init8)
 *(.init8)
 *(.init9)
 .init9         0x00000222        0x8 /usr/lib/gcc/avr/4.3.5/../../../avr/lib/avrxmega6/crtx128a3.o
 *(.init9)
 *(.text)
 .text          0x0000022a        0x4 /usr/lib/gcc/avr/4.3.5/../../../avr/lib/avrxmega6/crtx128a3.o
                0x0000022a                __vector_38
                0x0000022a                __vector_104
                0x0000022a                __vector_22
                0x0000022a                __vector_63
                0x0000022a                __vector_28
                0x0000022a                __vector_67
                0x0000022a                __vector_1
                0x0000022a                __vector_119
                0x0000022a                __vector_32
                0x0000022a                __vector_75
                0x0000022a                __vector_71
                0x0000022a                __vector_91
                0x0000022a                __vector_34
                0x0000022a                __vector_62
                0x0000022a                __vector_77
                0x0000022a                __vector_102
                0x0000022a                __vector_24
                0x0000022a                __vector_12
                0x0000022a                __vector_55
                0x0000022a                __vector_69
                0x0000022a                __vector_81
                0x0000022a                __vector_90
                0x0000022a                __vector_46
                0x0000022a                __bad_interrupt
                0x0000022a                __vector_72
                0x0000022a                __vector_114
                0x0000022a                __vector_6
                0x0000022a                __vector_110
                0x0000022a                __vector_31
                0x0000022a                __vector_92
                0x0000022a                __vector_35
                0x0000022a                __vector_78
                0x0000022a                __vector_74
                0x0000022a                __vector_117
                0x0000022a                __vector_39
                0x0000022a                __vector_107
                0x0000022a                __vector_3
                0x0000022a                __vector_105
                0x0000022a                __vector_98
                0x0000022a                __vector_23
                0x0000022a                __vector_68
                0x0000022a                __vector_30
                0x0000022a                __vector_73
                0x0000022a                __vector_45
                0x0000022a                __vector_25
                0x0000022a                __vector_93
                0x0000022a                __vector_61
                0x0000022a                __vector_11
                0x0000022a                __vector_54
                0x0000022a                __vector_99
                0x0000022a                __vector_17
                0x0000022a                __vector_19
                0x0000022a                __vector_56
                0x0000022a                __vector_7
                0x0000022a                __vector_49
                0x0000022a                __vector_41
                0x0000022a                __vector_86
                0x0000022a                __vector_100
                0x0000022a                __vector_101
                0x0000022a                __vector_64
                0x0000022a                __vector_109
                0x0000022a                __vector_43
                0x0000022a                __vector_27
                0x0000022a                __vector_5
                0x0000022a                __vector_113
                0x0000022a                __vector_33
                0x0000022a                __vector_76
                0x0000022a                __vector_115
                0x0000022a                __vector_47
                0x0000022a                __vector_52
                0x0000022a                __vector_37
                0x0000022a                __vector_95
                0x0000022a                __vector_103
                0x0000022a                __vector_96
                0x0000022a                __vector_108
                0x0000022a                __vector_4
                0x0000022a                __vector_44
                0x0000022a                __vector_82
                0x0000022a                __vector_106
                0x0000022a                __vector_118
                0x0000022a                __vector_51
                0x0000022a                __vector_9
                0x0000022a                __vector_2
                0x0000022a                __vector_21
                0x0000022a                __vector_15
                0x0000022a                __vector_66
                0x0000022a                __vector_36
                0x0000022a                __vector_79
                0x0000022a                __vector_70
                0x0000022a                __vector_83
                0x0000022a                __vector_29
                0x0000022a                __vector_60
                0x0000022a                __vector_121
                0x0000022a                __vector_40
                0x0000022a                __vector_85
                0x0000022a                __vector_94
                0x0000022a                __vector_8
                0x0000022a                __vector_26
                0x0000022a                __vector_48
                0x0000022a                __vector_116
                0x0000022a                __vector_112
                0x0000022a                __vector_111
                0x0000022a                __vector_80
                0x0000022a                __vector_14
                0x0000022a                __vector_84
                0x0000022a                __vector_57
                0x0000022a                __vector_53
                0x0000022a                __vector_10
                0x0000022a                __vector_50
                0x0000022a                __vector_16
                0x0000022a                __vector_18
                0x0000022a                __vector_97
                0x0000022a                __vector_20
                0x0000022a                __vector_42
                0x0000022a                __vector_87
                0x0000022a                __vector_65
                0x0000022a                __vector_120
 .text          0x0000022e      0xe0e flight.o
                0x0000022e                __vector_13
                0x00000282                __vector_89
                0x000002d6                __vector_59
                0x0000032a                __vector_58
                0x000003ee                __vector_88
                0x00000466                main
 .text          0x0000103c      0x27e ../../drivers/twi_master_driver.o
                0x0000103c                TWI_MasterInit
                0x0000105c                TWI_MasterState
                0x00001070                TWI_MasterReady
                0x00001078                TWI_MasterWriteRead
                0x0000111a                TWI_MasterRead
                0x0000112c                TWI_MasterWrite
                0x00001138                TWI_MasterArbitrationLostBusErrorHandler
                0x00001162                TWI_MasterWriteHandler
                0x000011da                TWI_MasterReadHandler
                0x0000124c                TWI_MasterInterruptHandler
                0x000012b2                TWI_MasterTransactionFinished
 .text          0x000012ba     0x117a support.o
                0x000012ba                CCPWrite
                0x000012e4                ValueFunk
                0x000013d2                getoffset
                0x00001ce0                absval
                0x00001cf0                uartInitiate
                0x00001d44                twiInitiate
                0x00001e42                getaccel
                0x00001f38                getroll
                0x00001fa6                updateoffset
                0x000021fc                exponent
                0x00002278                outputlong
                0x00002324                output
                0x000023d4                sendchar
                0x00002410                sendstring
 .text          0x00002434      0x15a ../../drivers/usart_driver.o
                0x00002434                USART_InterruptDriver_Initialize
                0x00002448                USART_InterruptDriver_DreInterruptLevel_Set
                0x00002450                USART_TXBuffer_FreeSpace
                0x00002464                USART_TXBuffer_PutByte
                0x000024ac                USART_RXBufferData_Available
                0x000024bc                USART_RXBuffer_GetByte
                0x000024dc                USART_RXComplete
                0x00002514                USART_DataRegEmpty
                0x0000255c                USART_NineBits_PutChar
                0x00002572                USART_NineBits_GetChar
 .text          0x0000258e        0x0 /usr/lib/gcc/avr/4.3.5/avrxmega6/libgcc.a(_divmodhi4.o)
 .text          0x0000258e        0x0 /usr/lib/gcc/avr/4.3.5/avrxmega6/libgcc.a(_exit.o)
 .text          0x0000258e        0x0 /usr/lib/gcc/avr/4.3.5/avrxmega6/libgcc.a(_clear_bss.o)
 .text          0x0000258e     0x1050 /usr/lib/gcc/avr/4.3.5/avrxmega6/libgcc.a(_divdi3.o)
                0x0000258e                __divdi3
 .text          0x000035de        0x0 /usr/lib/gcc/avr/4.3.5/avrxmega6/libgcc.a(_mulsi3.o)
 .text          0x000035de        0x0 /usr/lib/gcc/avr/4.3.5/avrxmega6/libgcc.a(_udivmodhi4.o)
 .text          0x000035de        0x0 /usr/lib/gcc/avr/4.3.5/avrxmega6/libgcc.a(_udivmodsi4.o)
 .text          0x000035de        0x0 /usr/lib/gcc/avr/4.3.5/avrxmega6/libgcc.a(_prologue.o)
 .text          0x000035de        0x0 /usr/lib/gcc/avr/4.3.5/avrxmega6/libgcc.a(_epilogue.o)
 .text          0x000035de        0x0 /usr/lib/gcc/avr/4.3.5/avrxmega6/libgcc.a(_clz.o)
 .text          0x000035de        0x0 /usr/lib/gcc/avr/4.3.5/../../../avr/lib/avrxmega6/libc.a(strcpy.o)
 .text          0x000035de        0x0 /usr/lib/gcc/avr/4.3.5/../../../avr/lib/avrxmega6/libc.a(printf.o)
 .text          0x000035de        0x0 /usr/lib/gcc/avr/4.3.5/../../../avr/lib/avrxmega6/libc.a(sprintf.o)
 .text          0x000035de        0x0 /usr/lib/gcc/avr/4.3.5/../../../avr/lib/avrxmega6/libc.a(vfprintf_std.o)
 .text          0x000035de        0x0 /usr/lib/gcc/avr/4.3.5/../../../avr/lib/avrxmega6/libc.a(strnlen_P.o)
 .text          0x000035de        0x0 /usr/lib/gcc/avr/4.3.5/../../../avr/lib/avrxmega6/libc.a(strnlen.o)
 .text          0x000035de        0x0 /usr/lib/gcc/avr/4.3.5/../../../avr/lib/avrxmega6/libc.a(fputc.o)
 .text          0x000035de        0x0 /usr/lib/gcc/avr/4.3.5/../../../avr/lib/avrxmega6/libc.a(iob.o)
 .text          0x000035de        0x0 /usr/lib/gcc/avr/4.3.5/../../../avr/lib/avrxmega6/libc.a(ultoa_invert.o)
                0x000035de                . = ALIGN (0x2)
 *(.text.*)
 .text.libgcc   0x000035de       0x26 /usr/lib/gcc/avr/4.3.5/avrxmega6/libgcc.a(_divmodhi4.o)
                0x000035de                __divmodhi4
                0x000035de                _div
 .text.libgcc   0x00003604        0x0 /usr/lib/gcc/avr/4.3.5/avrxmega6/libgcc.a(_exit.o)
 .text.libgcc   0x00003604        0x0 /usr/lib/gcc/avr/4.3.5/avrxmega6/libgcc.a(_clear_bss.o)
 .text.libgcc   0x00003604       0x3e /usr/lib/gcc/avr/4.3.5/avrxmega6/libgcc.a(_mulsi3.o)
                0x00003604                __mulsi3
 .text.libgcc   0x00003642       0x28 /usr/lib/gcc/avr/4.3.5/avrxmega6/libgcc.a(_udivmodhi4.o)
                0x00003642                __udivmodhi4
 .text.libgcc   0x0000366a       0x44 /usr/lib/gcc/avr/4.3.5/avrxmega6/libgcc.a(_udivmodsi4.o)
                0x0000366a                __udivmodsi4
 .text.libgcc   0x000036ae       0x38 /usr/lib/gcc/avr/4.3.5/avrxmega6/libgcc.a(_prologue.o)
                0x000036ae                __prologue_saves__
 .text.libgcc   0x000036e6       0x36 /usr/lib/gcc/avr/4.3.5/avrxmega6/libgcc.a(_epilogue.o)
                0x000036e6                __epilogue_restores__
 .text.avr-libc
                0x0000371c        0xe /usr/lib/gcc/avr/4.3.5/../../../avr/lib/avrxmega6/libc.a(strcpy.o)
                0x0000371c                strcpy
 .text.avr-libc
                0x0000372a       0x24 /usr/lib/gcc/avr/4.3.5/../../../avr/lib/avrxmega6/libc.a(printf.o)
                0x0000372a                printf
 .text.avr-libc
                0x0000374e       0x56 /usr/lib/gcc/avr/4.3.5/../../../avr/lib/avrxmega6/libc.a(sprintf.o)
                0x0000374e                sprintf
 .text.avr-libc
                0x000037a4      0x400 /usr/lib/gcc/avr/4.3.5/../../../avr/lib/avrxmega6/libc.a(vfprintf_std.o)
                0x000037a4                vfprintf
 .text.avr-libc
                0x00003ba4       0x16 /usr/lib/gcc/avr/4.3.5/../../../avr/lib/avrxmega6/libc.a(strnlen_P.o)
                0x00003ba4                strnlen_P
 .text.avr-libc
                0x00003bba       0x16 /usr/lib/gcc/avr/4.3.5/../../../avr/lib/avrxmega6/libc.a(strnlen.o)
                0x00003bba                strnlen
 .text.avr-libc
                0x00003bd0       0x58 /usr/lib/gcc/avr/4.3.5/../../../avr/lib/avrxmega6/libc.a(fputc.o)
                0x00003bd0                fputc
 .text.avr-libc
                0x00003c28       0xbc /usr/lib/gcc/avr/4.3.5/../../../avr/lib/avrxmega6/libc.a(ultoa_invert.o)
                0x00003c28                __ultoa_invert
                0x00003ce4                . = ALIGN (0x2)
 *(.fini9)
 .fini9         0x00003ce4        0x0 /usr/lib/gcc/avr/4.3.5/avrxmega6/libgcc.a(_exit.o)
                0x00003ce4                exit
                0x00003ce4                _exit
 *(.fini9)
 *(.fini8)
 *(.fini8)
 *(.fini7)
 *(.fini7)
 *(.fini6)
 *(.fini6)
 *(.fini5)
 *(.fini5)
 *(.fini4)
 *(.fini4)
 *(.fini3)
 *(.fini3)
 *(.fini2)
 *(.fini2)
 *(.fini1)
 *(.fini1)
 *(.fini0)
 .fini0         0x00003ce4        0x4 /usr/lib/gcc/avr/4.3.5/avrxmega6/libgcc.a(_exit.o)
 *(.fini0)
                0x00003ce8                _etext = .

.data           0x00802000      0x1a8 load address 0x00003ce8
                0x00802000                PROVIDE (__data_start, .)
 *(.data)
 .data          0x00802000        0x0 /usr/lib/gcc/avr/4.3.5/../../../avr/lib/avrxmega6/crtx128a3.o
 .data          0x00802000       0x82 flight.o
 .data          0x00802082        0x0 ../../drivers/twi_master_driver.o
 .data          0x00802082       0x25 support.o
 .data          0x008020a7        0x0 ../../drivers/usart_driver.o
 .data          0x008020a7        0x0 /usr/lib/gcc/avr/4.3.5/avrxmega6/libgcc.a(_divmodhi4.o)
 .data          0x008020a7        0x0 /usr/lib/gcc/avr/4.3.5/avrxmega6/libgcc.a(_exit.o)
 .data          0x008020a7        0x0 /usr/lib/gcc/avr/4.3.5/avrxmega6/libgcc.a(_clear_bss.o)
 .data          0x008020a7        0x0 /usr/lib/gcc/avr/4.3.5/avrxmega6/libgcc.a(_divdi3.o)
 .data          0x008020a7        0x0 /usr/lib/gcc/avr/4.3.5/avrxmega6/libgcc.a(_mulsi3.o)
 .data          0x008020a7        0x0 /usr/lib/gcc/avr/4.3.5/avrxmega6/libgcc.a(_udivmodhi4.o)
 .data          0x008020a7        0x0 /usr/lib/gcc/avr/4.3.5/avrxmega6/libgcc.a(_udivmodsi4.o)
 .data          0x008020a7        0x0 /usr/lib/gcc/avr/4.3.5/avrxmega6/libgcc.a(_prologue.o)
 .data          0x008020a7        0x0 /usr/lib/gcc/avr/4.3.5/avrxmega6/libgcc.a(_epilogue.o)
 .data          0x008020a7      0x100 /usr/lib/gcc/avr/4.3.5/avrxmega6/libgcc.a(_clz.o)
                0x008020a7                __clz_tab
 .data          0x008021a7        0x0 /usr/lib/gcc/avr/4.3.5/../../../avr/lib/avrxmega6/libc.a(strcpy.o)
 .data          0x008021a7        0x0 /usr/lib/gcc/avr/4.3.5/../../../avr/lib/avrxmega6/libc.a(printf.o)
 .data          0x008021a7        0x0 /usr/lib/gcc/avr/4.3.5/../../../avr/lib/avrxmega6/libc.a(sprintf.o)
 .data          0x008021a7        0x0 /usr/lib/gcc/avr/4.3.5/../../../avr/lib/avrxmega6/libc.a(vfprintf_std.o)
 .data          0x008021a7        0x0 /usr/lib/gcc/avr/4.3.5/../../../avr/lib/avrxmega6/libc.a(strnlen_P.o)
 .data          0x008021a7        0x0 /usr/lib/gcc/avr/4.3.5/../../../avr/lib/avrxmega6/libc.a(strnlen.o)
 .data          0x008021a7        0x0 /usr/lib/gcc/avr/4.3.5/../../../avr/lib/avrxmega6/libc.a(fputc.o)
 .data          0x008021a7        0x0 /usr/lib/gcc/avr/4.3.5/../../../avr/lib/avrxmega6/libc.a(iob.o)
 .data          0x008021a7        0x0 /usr/lib/gcc/avr/4.3.5/../../../avr/lib/avrxmega6/libc.a(ultoa_invert.o)
 *(.data*)
 *(.rodata)
 *(.rodata*)
 *(.gnu.linkonce.d*)
                0x008021a8                . = ALIGN (0x2)
 *fill*         0x008021a7        0x1 00
                0x008021a8                _edata = .
                0x008021a8                PROVIDE (__data_end, .)

.bss            0x008021a8       0x63
                0x008021a8                PROVIDE (__bss_start, .)
 *(.bss)
 .bss           0x008021a8        0x0 /usr/lib/gcc/avr/4.3.5/../../../avr/lib/avrxmega6/crtx128a3.o
 .bss           0x008021a8        0x3 flight.o
                0x008021a8                readdata
                0x008021a9                readirdata
                0x008021aa                ir
 .bss           0x008021ab        0x0 ../../drivers/twi_master_driver.o
 .bss           0x008021ab        0x0 support.o
 .bss           0x008021ab        0x0 ../../drivers/usart_driver.o
 .bss           0x008021ab        0x0 /usr/lib/gcc/avr/4.3.5/avrxmega6/libgcc.a(_divmodhi4.o)
 .bss           0x008021ab        0x0 /usr/lib/gcc/avr/4.3.5/avrxmega6/libgcc.a(_exit.o)
 .bss           0x008021ab        0x0 /usr/lib/gcc/avr/4.3.5/avrxmega6/libgcc.a(_clear_bss.o)
 .bss           0x008021ab        0x0 /usr/lib/gcc/avr/4.3.5/avrxmega6/libgcc.a(_divdi3.o)
 .bss           0x008021ab        0x0 /usr/lib/gcc/avr/4.3.5/avrxmega6/libgcc.a(_mulsi3.o)
 .bss           0x008021ab        0x0 /usr/lib/gcc/avr/4.3.5/avrxmega6/libgcc.a(_udivmodhi4.o)
 .bss           0x008021ab        0x0 /usr/lib/gcc/avr/4.3.5/avrxmega6/libgcc.a(_udivmodsi4.o)
 .bss           0x008021ab        0x0 /usr/lib/gcc/avr/4.3.5/avrxmega6/libgcc.a(_prologue.o)
 .bss           0x008021ab        0x0 /usr/lib/gcc/avr/4.3.5/avrxmega6/libgcc.a(_epilogue.o)
 .bss           0x008021ab        0x0 /usr/lib/gcc/avr/4.3.5/avrxmega6/libgcc.a(_clz.o)
 .bss           0x008021ab        0x0 /usr/lib/gcc/avr/4.3.5/../../../avr/lib/avrxmega6/libc.a(strcpy.o)
 .bss           0x008021ab        0x0 /usr/lib/gcc/avr/4.3.5/../../../avr/lib/avrxmega6/libc.a(printf.o)
 .bss           0x008021ab        0x0 /usr/lib/gcc/avr/4.3.5/../../../avr/lib/avrxmega6/libc.a(sprintf.o)
 .bss           0x008021ab        0x0 /usr/lib/gcc/avr/4.3.5/../../../avr/lib/avrxmega6/libc.a(vfprintf_std.o)
 .bss           0x008021ab        0x0 /usr/lib/gcc/avr/4.3.5/../../../avr/lib/avrxmega6/libc.a(strnlen_P.o)
 .bss           0x008021ab        0x0 /usr/lib/gcc/avr/4.3.5/../../../avr/lib/avrxmega6/libc.a(strnlen.o)
 .bss           0x008021ab        0x0 /usr/lib/gcc/avr/4.3.5/../../../avr/lib/avrxmega6/libc.a(fputc.o)
 .bss           0x008021ab        0x0 /usr/lib/gcc/avr/4.3.5/../../../avr/lib/avrxmega6/libc.a(iob.o)
 .bss           0x008021ab        0x0 /usr/lib/gcc/avr/4.3.5/../../../avr/lib/avrxmega6/libc.a(ultoa_invert.o)
 *(.bss*)
 *(COMMON)
 COMMON         0x008021ab       0x5a flight.o
                0x008021ab                imu
                0x008021c8                input
                0x008021c9                mega
                0x008021e5                inputir
                0x008021e9                xbee
 COMMON         0x00802205        0x6 /usr/lib/gcc/avr/4.3.5/../../../avr/lib/avrxmega6/libc.a(iob.o)
                0x00802205                __iob
                0x0080220b                PROVIDE (__bss_end, .)
                0x00003ce8                __data_load_start = LOADADDR (.data)
                0x00003e90                __data_load_end = (__data_load_start + SIZEOF (.data))

.noinit         0x0080220b        0x0
                0x0080220b                PROVIDE (__noinit_start, .)
 *(.noinit*)
                0x0080220b                PROVIDE (__noinit_end, .)
                0x0080220b                _end = .
                0x0080220b                PROVIDE (__heap_start, .)

.eeprom         0x00810000        0x0
 *(.eeprom*)
                0x00810000                __eeprom_end = .

.fuse
 *(.fuse)
 *(.lfuse)
 *(.hfuse)
 *(.efuse)

.lock
 *(.lock*)

.signature
 *(.signature*)

.stab           0x00000000     0x1f5c
 *(.stab)
 .stab          0x00000000      0x768 /usr/lib/gcc/avr/4.3.5/../../../avr/lib/avrxmega6/crtx128a3.o
 .stab          0x00000768       0x6c /usr/lib/gcc/avr/4.3.5/../../../avr/lib/avrxmega6/libc.a(strcpy.o)
                                 0x78 (size before relaxing)
 .stab          0x000007d4      0x360 /usr/lib/gcc/avr/4.3.5/../../../avr/lib/avrxmega6/libc.a(printf.o)
                                0x36c (size before relaxing)
 .stab          0x00000b34      0x1f8 /usr/lib/gcc/avr/4.3.5/../../../avr/lib/avrxmega6/libc.a(sprintf.o)
                                0x3d8 (size before relaxing)
 .stab          0x00000d2c      0x978 /usr/lib/gcc/avr/4.3.5/../../../avr/lib/avrxmega6/libc.a(vfprintf_std.o)
                                0xb58 (size before relaxing)
 .stab          0x000016a4       0x9c /usr/lib/gcc/avr/4.3.5/../../../avr/lib/avrxmega6/libc.a(strnlen_P.o)
                                 0xa8 (size before relaxing)
 .stab          0x00001740       0x9c /usr/lib/gcc/avr/4.3.5/../../../avr/lib/avrxmega6/libc.a(strnlen.o)
                                 0xa8 (size before relaxing)
 .stab          0x000017dc      0x1d4 /usr/lib/gcc/avr/4.3.5/../../../avr/lib/avrxmega6/libc.a(fputc.o)
                                0x3b4 (size before relaxing)
 .stab          0x000019b0      0x12c /usr/lib/gcc/avr/4.3.5/../../../avr/lib/avrxmega6/libc.a(iob.o)
                                0x30c (size before relaxing)
 .stab          0x00001adc      0x480 /usr/lib/gcc/avr/4.3.5/../../../avr/lib/avrxmega6/libc.a(ultoa_invert.o)
                                0x48c (size before relaxing)

.stabstr        0x00000000      0xd58
 *(.stabstr)
 .stabstr       0x00000000      0xd58 /usr/lib/gcc/avr/4.3.5/../../../avr/lib/avrxmega6/crtx128a3.o

.stab.excl
 *(.stab.excl)

.stab.exclstr
 *(.stab.exclstr)

.stab.index
 *(.stab.index)

.stab.indexstr
 *(.stab.indexstr)

.comment
 *(.comment)

.debug
 *(.debug)

.line
 *(.line)

.debug_srcinfo
 *(.debug_srcinfo)

.debug_sfnames
 *(.debug_sfnames)

.debug_aranges  0x00000000       0x80
 *(.debug_aranges)
 .debug_aranges
                0x00000000       0x20 flight.o
 .debug_aranges
                0x00000020       0x20 ../../drivers/twi_master_driver.o
 .debug_aranges
                0x00000040       0x20 support.o
 .debug_aranges
                0x00000060       0x20 ../../drivers/usart_driver.o

.debug_pubnames
                0x00000000      0x3fe
 *(.debug_pubnames)
 .debug_pubnames
                0x00000000       0xbe flight.o
 .debug_pubnames
                0x000000be      0x12f ../../drivers/twi_master_driver.o
 .debug_pubnames
                0x000001ed       0xd4 support.o
 .debug_pubnames
                0x000002c1      0x13d ../../drivers/usart_driver.o

.debug_info     0x00000000     0x35d5
 *(.debug_info)
 .debug_info    0x00000000     0x151b flight.o
 .debug_info    0x0000151b      0x7d3 ../../drivers/twi_master_driver.o
 .debug_info    0x00001cee     0x1347 support.o
 .debug_info    0x00003035      0x5a0 ../../drivers/usart_driver.o
 *(.gnu.linkonce.wi.*)

.debug_abbrev   0x00000000      0x8f0
 *(.debug_abbrev)
 .debug_abbrev  0x00000000      0x1cb flight.o
 .debug_abbrev  0x000001cb      0x235 ../../drivers/twi_master_driver.o
 .debug_abbrev  0x00000400      0x2a2 support.o
 .debug_abbrev  0x000006a2      0x24e ../../drivers/usart_driver.o

.debug_line     0x00000000     0x1435
 *(.debug_line)
 .debug_line    0x00000000      0x5f2 flight.o
 .debug_line    0x000005f2      0x405 ../../drivers/twi_master_driver.o
 .debug_line    0x000009f7      0x75a support.o
 .debug_line    0x00001151      0x2e4 ../../drivers/usart_driver.o

.debug_frame    0x00000000      0x2d0
 *(.debug_frame)
 .debug_frame   0x00000000       0x70 flight.o
 .debug_frame   0x00000070       0xc0 ../../drivers/twi_master_driver.o
 .debug_frame   0x00000130       0xf0 support.o
 .debug_frame   0x00000220       0xb0 ../../drivers/usart_driver.o

.debug_str      0x00000000     0x1203
 *(.debug_str)
 .debug_str     0x00000000      0x99e flight.o
                                0xa25 (size before relaxing)
 .debug_str     0x0000099e      0x420 ../../drivers/twi_master_driver.o
                                0x5a4 (size before relaxing)
 .debug_str     0x00000dbe      0x2bf support.o
                                0xac2 (size before relaxing)
 .debug_str     0x0000107d      0x186 ../../drivers/usart_driver.o
                                0x3a6 (size before relaxing)

.debug_loc      0x00000000     0x1143
 *(.debug_loc)
 .debug_loc     0x00000000       0x90 flight.o
 .debug_loc     0x00000090      0x32d ../../drivers/twi_master_driver.o
 .debug_loc     0x000003bd      0xb6f support.o
 .debug_loc     0x00000f2c      0x217 ../../drivers/usart_driver.o

.debug_macinfo
 *(.debug_macinfo)
OUTPUT(flightcontrol.elf elf32-avr)
LOAD linker stubs

Cross Reference Table

Symbol                                            File
CCPWrite                                          support.o
                                                  flight.o
TWI_MasterArbitrationLostBusErrorHandler          ../../drivers/twi_master_driver.o
TWI_MasterInit                                    ../../drivers/twi_master_driver.o
                                                  support.o
TWI_MasterInterruptHandler                        ../../drivers/twi_master_driver.o
                                                  flight.o
TWI_MasterRead                                    ../../drivers/twi_master_driver.o
TWI_MasterReadHandler                             ../../drivers/twi_master_driver.o
TWI_MasterReady                                   ../../drivers/twi_master_driver.o
TWI_MasterState                                   ../../drivers/twi_master_driver.o
TWI_MasterTransactionFinished                     ../../drivers/twi_master_driver.o
TWI_MasterWrite                                   ../../drivers/twi_master_driver.o
TWI_MasterWriteHandler                            ../../drivers/twi_master_driver.o
TWI_MasterWriteRead                               ../../drivers/twi_master_driver.o
                                                  support.o
USART_DataRegEmpty                                ../../drivers/usart_driver.o
                                                  flight.o
USART_InterruptDriver_DreInterruptLevel_Set       ../../drivers/usart_driver.o
USART_InterruptDriver_Initialize                  ../../drivers/usart_driver.o
                                                  support.o
USART_NineBits_GetChar                            ../../drivers/usart_driver.o
USART_NineBits_PutChar                            ../../drivers/usart_driver.o
USART_RXBufferData_Available                      ../../drivers/usart_driver.o
USART_RXBuffer_GetByte                            ../../drivers/usart_driver.o
                                                  flight.o
USART_RXComplete                                  ../../drivers/usart_driver.o
                                                  flight.o
USART_TXBuffer_FreeSpace                          ../../drivers/usart_driver.o
USART_TXBuffer_PutByte                            ../../drivers/usart_driver.o
                                                  support.o
ValueFunk                                         support.o
                                                  flight.o
__bad_interrupt                                   /usr/lib/gcc/avr/4.3.5/../../../avr/lib/avrxmega6/crtx128a3.o
__bss_end                                         /usr/lib/gcc/avr/4.3.5/avrxmega6/libgcc.a(_clear_bss.o)
__bss_start                                       /usr/lib/gcc/avr/4.3.5/avrxmega6/libgcc.a(_clear_bss.o)
__clz_tab                                         /usr/lib/gcc/avr/4.3.5/avrxmega6/libgcc.a(_clz.o)
                                                  /usr/lib/gcc/avr/4.3.5/avrxmega6/libgcc.a(_divdi3.o)
__data_end                                        /usr/lib/gcc/avr/4.3.5/../../../avr/lib/avrxmega6/crtx128a3.o
__data_load_start                                 /usr/lib/gcc/avr/4.3.5/../../../avr/lib/avrxmega6/crtx128a3.o
__data_start                                      /usr/lib/gcc/avr/4.3.5/../../../avr/lib/avrxmega6/crtx128a3.o
__divdi3                                          /usr/lib/gcc/avr/4.3.5/avrxmega6/libgcc.a(_divdi3.o)
                                                  support.o
__divmodhi4                                       /usr/lib/gcc/avr/4.3.5/avrxmega6/libgcc.a(_divmodhi4.o)
                                                  support.o
                                                  flight.o
__do_clear_bss                                    /usr/lib/gcc/avr/4.3.5/avrxmega6/libgcc.a(_clear_bss.o)
                                                  /usr/lib/gcc/avr/4.3.5/../../../avr/lib/avrxmega6/libc.a(iob.o)
                                                  ../../drivers/usart_driver.o
                                                  ../../drivers/twi_master_driver.o
                                                  flight.o
__do_copy_data                                    /usr/lib/gcc/avr/4.3.5/../../../avr/lib/avrxmega6/crtx128a3.o
                                                  /usr/lib/gcc/avr/4.3.5/avrxmega6/libgcc.a(_clz.o)
                                                  ../../drivers/usart_driver.o
                                                  support.o
                                                  ../../drivers/twi_master_driver.o
                                                  flight.o
__epilogue_restores__                             /usr/lib/gcc/avr/4.3.5/avrxmega6/libgcc.a(_epilogue.o)
                                                  /usr/lib/gcc/avr/4.3.5/avrxmega6/libgcc.a(_divdi3.o)
__heap_end                                        /usr/lib/gcc/avr/4.3.5/../../../avr/lib/avrxmega6/crtx128a3.o
__init                                            /usr/lib/gcc/avr/4.3.5/../../../avr/lib/avrxmega6/crtx128a3.o
__iob                                             /usr/lib/gcc/avr/4.3.5/../../../avr/lib/avrxmega6/libc.a(iob.o)
                                                  /usr/lib/gcc/avr/4.3.5/../../../avr/lib/avrxmega6/libc.a(printf.o)
__mulsi3                                          /usr/lib/gcc/avr/4.3.5/avrxmega6/libgcc.a(_mulsi3.o)
                                                  /usr/lib/gcc/avr/4.3.5/avrxmega6/libgcc.a(_divdi3.o)
__prologue_saves__                                /usr/lib/gcc/avr/4.3.5/avrxmega6/libgcc.a(_prologue.o)
                                                  /usr/lib/gcc/avr/4.3.5/avrxmega6/libgcc.a(_divdi3.o)
__stack                                           /usr/lib/gcc/avr/4.3.5/../../../avr/lib/avrxmega6/crtx128a3.o
__udivmodhi4                                      /usr/lib/gcc/avr/4.3.5/avrxmega6/libgcc.a(_udivmodhi4.o)
                                                  /usr/lib/gcc/avr/4.3.5/avrxmega6/libgcc.a(_divmodhi4.o)
__udivmodsi4                                      /usr/lib/gcc/avr/4.3.5/avrxmega6/libgcc.a(_udivmodsi4.o)
                                                  /usr/lib/gcc/avr/4.3.5/avrxmega6/libgcc.a(_divdi3.o)
__ultoa_invert                                    /usr/lib/gcc/avr/4.3.5/../../../avr/lib/avrxmega6/libc.a(ultoa_invert.o)
                                                  /usr/lib/gcc/avr/4.3.5/../../../avr/lib/avrxmega6/libc.a(vfprintf_std.o)
__vector_1                                        /usr/lib/gcc/avr/4.3.5/../../../avr/lib/avrxmega6/crtx128a3.o
__vector_10                                       /usr/lib/gcc/avr/4.3.5/../../../avr/lib/avrxmega6/crtx128a3.o
__vector_100                                      /usr/lib/gcc/avr/4.3.5/../../../avr/lib/avrxmega6/crtx128a3.o
__vector_101                                      /usr/lib/gcc/avr/4.3.5/../../../avr/lib/avrxmega6/crtx128a3.o
__vector_102                                      /usr/lib/gcc/avr/4.3.5/../../../avr/lib/avrxmega6/crtx128a3.o
__vector_103                                      /usr/lib/gcc/avr/4.3.5/../../../avr/lib/avrxmega6/crtx128a3.o
__vector_104                                      /usr/lib/gcc/avr/4.3.5/../../../avr/lib/avrxmega6/crtx128a3.o
__vector_105                                      /usr/lib/gcc/avr/4.3.5/../../../avr/lib/avrxmega6/crtx128a3.o
__vector_106                                      /usr/lib/gcc/avr/4.3.5/../../../avr/lib/avrxmega6/crtx128a3.o
__vector_107                                      /usr/lib/gcc/avr/4.3.5/../../../avr/lib/avrxmega6/crtx128a3.o
__vector_108                                      /usr/lib/gcc/avr/4.3.5/../../../avr/lib/avrxmega6/crtx128a3.o
__vector_109                                      /usr/lib/gcc/avr/4.3.5/../../../avr/lib/avrxmega6/crtx128a3.o
__vector_11                                       /usr/lib/gcc/avr/4.3.5/../../../avr/lib/avrxmega6/crtx128a3.o
__vector_110                                      /usr/lib/gcc/avr/4.3.5/../../../avr/lib/avrxmega6/crtx128a3.o
__vector_111                                      /usr/lib/gcc/avr/4.3.5/../../../avr/lib/avrxmega6/crtx128a3.o
__vector_112                                      /usr/lib/gcc/avr/4.3.5/../../../avr/lib/avrxmega6/crtx128a3.o
__vector_113                                      /usr/lib/gcc/avr/4.3.5/../../../avr/lib/avrxmega6/crtx128a3.o
__vector_114                                      /usr/lib/gcc/avr/4.3.5/../../../avr/lib/avrxmega6/crtx128a3.o
__vector_115                                      /usr/lib/gcc/avr/4.3.5/../../../avr/lib/avrxmega6/crtx128a3.o
__vector_116                                      /usr/lib/gcc/avr/4.3.5/../../../avr/lib/avrxmega6/crtx128a3.o
__vector_117                                      /usr/lib/gcc/avr/4.3.5/../../../avr/lib/avrxmega6/crtx128a3.o
__vector_118                                      /usr/lib/gcc/avr/4.3.5/../../../avr/lib/avrxmega6/crtx128a3.o
__vector_119                                      /usr/lib/gcc/avr/4.3.5/../../../avr/lib/avrxmega6/crtx128a3.o
__vector_12                                       /usr/lib/gcc/avr/4.3.5/../../../avr/lib/avrxmega6/crtx128a3.o
__vector_120                                      /usr/lib/gcc/avr/4.3.5/../../../avr/lib/avrxmega6/crtx128a3.o
__vector_121                                      /usr/lib/gcc/avr/4.3.5/../../../avr/lib/avrxmega6/crtx128a3.o
__vector_13                                       flight.o
                                                  /usr/lib/gcc/avr/4.3.5/../../../avr/lib/avrxmega6/crtx128a3.o
__vector_14                                       /usr/lib/gcc/avr/4.3.5/../../../avr/lib/avrxmega6/crtx128a3.o
__vector_15                                       /usr/lib/gcc/avr/4.3.5/../../../avr/lib/avrxmega6/crtx128a3.o
__vector_16                                       /usr/lib/gcc/avr/4.3.5/../../../avr/lib/avrxmega6/crtx128a3.o
__vector_17                                       /usr/lib/gcc/avr/4.3.5/../../../avr/lib/avrxmega6/crtx128a3.o
__vector_18                                       /usr/lib/gcc/avr/4.3.5/../../../avr/lib/avrxmega6/crtx128a3.o
__vector_19                                       /usr/lib/gcc/avr/4.3.5/../../../avr/lib/avrxmega6/crtx128a3.o
__vector_2                                        /usr/lib/gcc/avr/4.3.5/../../../avr/lib/avrxmega6/crtx128a3.o
__vector_20                                       /usr/lib/gcc/avr/4.3.5/../../../avr/lib/avrxmega6/crtx128a3.o
__vector_21                                       /usr/lib/gcc/avr/4.3.5/../../../avr/lib/avrxmega6/crtx128a3.o
__vector_22                                       /usr/lib/gcc/avr/4.3.5/../../../avr/lib/avrxmega6/crtx128a3.o
__vector_23                                       /usr/lib/gcc/avr/4.3.5/../../../avr/lib/avrxmega6/crtx128a3.o
__vector_24                                       /usr/lib/gcc/avr/4.3.5/../../../avr/lib/avrxmega6/crtx128a3.o
__vector_25                                       /usr/lib/gcc/avr/4.3.5/../../../avr/lib/avrxmega6/crtx128a3.o
__vector_26                                       /usr/lib/gcc/avr/4.3.5/../../../avr/lib/avrxmega6/crtx128a3.o
__vector_27                                       /usr/lib/gcc/avr/4.3.5/../../../avr/lib/avrxmega6/crtx128a3.o
__vector_28                                       /usr/lib/gcc/avr/4.3.5/../../../avr/lib/avrxmega6/crtx128a3.o
__vector_29                                       /usr/lib/gcc/avr/4.3.5/../../../avr/lib/avrxmega6/crtx128a3.o
__vector_3                                        /usr/lib/gcc/avr/4.3.5/../../../avr/lib/avrxmega6/crtx128a3.o
__vector_30                                       /usr/lib/gcc/avr/4.3.5/../../../avr/lib/avrxmega6/crtx128a3.o
__vector_31                                       /usr/lib/gcc/avr/4.3.5/../../../avr/lib/avrxmega6/crtx128a3.o
__vector_32                                       /usr/lib/gcc/avr/4.3.5/../../../avr/lib/avrxmega6/crtx128a3.o
__vector_33                                       /usr/lib/gcc/avr/4.3.5/../../../avr/lib/avrxmega6/crtx128a3.o
__vector_34                                       /usr/lib/gcc/avr/4.3.5/../../../avr/lib/avrxmega6/crtx128a3.o
__vector_35                                       /usr/lib/gcc/avr/4.3.5/../../../avr/lib/avrxmega6/crtx128a3.o
__vector_36                                       /usr/lib/gcc/avr/4.3.5/../../../avr/lib/avrxmega6/crtx128a3.o
__vector_37                                       /usr/lib/gcc/avr/4.3.5/../../../avr/lib/avrxmega6/crtx128a3.o
__vector_38                                       /usr/lib/gcc/avr/4.3.5/../../../avr/lib/avrxmega6/crtx128a3.o
__vector_39                                       /usr/lib/gcc/avr/4.3.5/../../../avr/lib/avrxmega6/crtx128a3.o
__vector_4                                        /usr/lib/gcc/avr/4.3.5/../../../avr/lib/avrxmega6/crtx128a3.o
__vector_40                                       /usr/lib/gcc/avr/4.3.5/../../../avr/lib/avrxmega6/crtx128a3.o
__vector_41                                       /usr/lib/gcc/avr/4.3.5/../../../avr/lib/avrxmega6/crtx128a3.o
__vector_42                                       /usr/lib/gcc/avr/4.3.5/../../../avr/lib/avrxmega6/crtx128a3.o
__vector_43                                       /usr/lib/gcc/avr/4.3.5/../../../avr/lib/avrxmega6/crtx128a3.o
__vector_44                                       /usr/lib/gcc/avr/4.3.5/../../../avr/lib/avrxmega6/crtx128a3.o
__vector_45                                       /usr/lib/gcc/avr/4.3.5/../../../avr/lib/avrxmega6/crtx128a3.o
__vector_46                                       /usr/lib/gcc/avr/4.3.5/../../../avr/lib/avrxmega6/crtx128a3.o
__vector_47                                       /usr/lib/gcc/avr/4.3.5/../../../avr/lib/avrxmega6/crtx128a3.o
__vector_48                                       /usr/lib/gcc/avr/4.3.5/../../../avr/lib/avrxmega6/crtx128a3.o
__vector_49                                       /usr/lib/gcc/avr/4.3.5/../../../avr/lib/avrxmega6/crtx128a3.o
__vector_5                                        /usr/lib/gcc/avr/4.3.5/../../../avr/lib/avrxmega6/crtx128a3.o
__vector_50                                       /usr/lib/gcc/avr/4.3.5/../../../avr/lib/avrxmega6/crtx128a3.o
__vector_51                                       /usr/lib/gcc/avr/4.3.5/../../../avr/lib/avrxmega6/crtx128a3.o
__vector_52                                       /usr/lib/gcc/avr/4.3.5/../../../avr/lib/avrxmega6/crtx128a3.o
__vector_53                                       /usr/lib/gcc/avr/4.3.5/../../../avr/lib/avrxmega6/crtx128a3.o
__vector_54                                       /usr/lib/gcc/avr/4.3.5/../../../avr/lib/avrxmega6/crtx128a3.o
__vector_55                                       /usr/lib/gcc/avr/4.3.5/../../../avr/lib/avrxmega6/crtx128a3.o
__vector_56                                       /usr/lib/gcc/avr/4.3.5/../../../avr/lib/avrxmega6/crtx128a3.o
__vector_57                                       /usr/lib/gcc/avr/4.3.5/../../../avr/lib/avrxmega6/crtx128a3.o
__vector_58                                       flight.o
                                                  /usr/lib/gcc/avr/4.3.5/../../../avr/lib/avrxmega6/crtx128a3.o
__vector_59                                       flight.o
                                                  /usr/lib/gcc/avr/4.3.5/../../../avr/lib/avrxmega6/crtx128a3.o
__vector_6                                        /usr/lib/gcc/avr/4.3.5/../../../avr/lib/avrxmega6/crtx128a3.o
__vector_60                                       /usr/lib/gcc/avr/4.3.5/../../../avr/lib/avrxmega6/crtx128a3.o
__vector_61                                       /usr/lib/gcc/avr/4.3.5/../../../avr/lib/avrxmega6/crtx128a3.o
__vector_62                                       /usr/lib/gcc/avr/4.3.5/../../../avr/lib/avrxmega6/crtx128a3.o
__vector_63                                       /usr/lib/gcc/avr/4.3.5/../../../avr/lib/avrxmega6/crtx128a3.o
__vector_64                                       /usr/lib/gcc/avr/4.3.5/../../../avr/lib/avrxmega6/crtx128a3.o
__vector_65                                       /usr/lib/gcc/avr/4.3.5/../../../avr/lib/avrxmega6/crtx128a3.o
__vector_66                                       /usr/lib/gcc/avr/4.3.5/../../../avr/lib/avrxmega6/crtx128a3.o
__vector_67                                       /usr/lib/gcc/avr/4.3.5/../../../avr/lib/avrxmega6/crtx128a3.o
__vector_68                                       /usr/lib/gcc/avr/4.3.5/../../../avr/lib/avrxmega6/crtx128a3.o
__vector_69                                       /usr/lib/gcc/avr/4.3.5/../../../avr/lib/avrxmega6/crtx128a3.o
__vector_7                                        /usr/lib/gcc/avr/4.3.5/../../../avr/lib/avrxmega6/crtx128a3.o
__vector_70                                       /usr/lib/gcc/avr/4.3.5/../../../avr/lib/avrxmega6/crtx128a3.o
__vector_71                                       /usr/lib/gcc/avr/4.3.5/../../../avr/lib/avrxmega6/crtx128a3.o
__vector_72                                       /usr/lib/gcc/avr/4.3.5/../../../avr/lib/avrxmega6/crtx128a3.o
__vector_73                                       /usr/lib/gcc/avr/4.3.5/../../../avr/lib/avrxmega6/crtx128a3.o
__vector_74                                       /usr/lib/gcc/avr/4.3.5/../../../avr/lib/avrxmega6/crtx128a3.o
__vector_75                                       /usr/lib/gcc/avr/4.3.5/../../../avr/lib/avrxmega6/crtx128a3.o
__vector_76                                       /usr/lib/gcc/avr/4.3.5/../../../avr/lib/avrxmega6/crtx128a3.o
__vector_77                                       /usr/lib/gcc/avr/4.3.5/../../../avr/lib/avrxmega6/crtx128a3.o
__vector_78                                       /usr/lib/gcc/avr/4.3.5/../../../avr/lib/avrxmega6/crtx128a3.o
__vector_79                                       /usr/lib/gcc/avr/4.3.5/../../../avr/lib/avrxmega6/crtx128a3.o
__vector_8                                        /usr/lib/gcc/avr/4.3.5/../../../avr/lib/avrxmega6/crtx128a3.o
__vector_80                                       /usr/lib/gcc/avr/4.3.5/../../../avr/lib/avrxmega6/crtx128a3.o
__vector_81                                       /usr/lib/gcc/avr/4.3.5/../../../avr/lib/avrxmega6/crtx128a3.o
__vector_82                                       /usr/lib/gcc/avr/4.3.5/../../../avr/lib/avrxmega6/crtx128a3.o
__vector_83                                       /usr/lib/gcc/avr/4.3.5/../../../avr/lib/avrxmega6/crtx128a3.o
__vector_84                                       /usr/lib/gcc/avr/4.3.5/../../../avr/lib/avrxmega6/crtx128a3.o
__vector_85                                       /usr/lib/gcc/avr/4.3.5/../../../avr/lib/avrxmega6/crtx128a3.o
__vector_86                                       /usr/lib/gcc/avr/4.3.5/../../../avr/lib/avrxmega6/crtx128a3.o
__vector_87                                       /usr/lib/gcc/avr/4.3.5/../../../avr/lib/avrxmega6/crtx128a3.o
__vector_88                                       flight.o
                                                  /usr/lib/gcc/avr/4.3.5/../../../avr/lib/avrxmega6/crtx128a3.o
__vector_89                                       flight.o
                                                  /usr/lib/gcc/avr/4.3.5/../../../avr/lib/avrxmega6/crtx128a3.o
__vector_9                                        /usr/lib/gcc/avr/4.3.5/../../../avr/lib/avrxmega6/crtx128a3.o
__vector_90                                       /usr/lib/gcc/avr/4.3.5/../../../avr/lib/avrxmega6/crtx128a3.o
__vector_91                                       /usr/lib/gcc/avr/4.3.5/../../../avr/lib/avrxmega6/crtx128a3.o
__vector_92                                       /usr/lib/gcc/avr/4.3.5/../../../avr/lib/avrxmega6/crtx128a3.o
__vector_93                                       /usr/lib/gcc/avr/4.3.5/../../../avr/lib/avrxmega6/crtx128a3.o
__vector_94                                       /usr/lib/gcc/avr/4.3.5/../../../avr/lib/avrxmega6/crtx128a3.o
__vector_95                                       /usr/lib/gcc/avr/4.3.5/../../../avr/lib/avrxmega6/crtx128a3.o
__vector_96                                       /usr/lib/gcc/avr/4.3.5/../../../avr/lib/avrxmega6/crtx128a3.o
__vector_97                                       /usr/lib/gcc/avr/4.3.5/../../../avr/lib/avrxmega6/crtx128a3.o
__vector_98                                       /usr/lib/gcc/avr/4.3.5/../../../avr/lib/avrxmega6/crtx128a3.o
__vector_99                                       /usr/lib/gcc/avr/4.3.5/../../../avr/lib/avrxmega6/crtx128a3.o
__vector_default                                  /usr/lib/gcc/avr/4.3.5/../../../avr/lib/avrxmega6/crtx128a3.o
__vectors                                         /usr/lib/gcc/avr/4.3.5/../../../avr/lib/avrxmega6/crtx128a3.o
_div                                              /usr/lib/gcc/avr/4.3.5/avrxmega6/libgcc.a(_divmodhi4.o)
_exit                                             /usr/lib/gcc/avr/4.3.5/avrxmega6/libgcc.a(_exit.o)
absval                                            support.o
exit                                              /usr/lib/gcc/avr/4.3.5/avrxmega6/libgcc.a(_exit.o)
                                                  /usr/lib/gcc/avr/4.3.5/../../../avr/lib/avrxmega6/crtx128a3.o
exponent                                          support.o
fputc                                             /usr/lib/gcc/avr/4.3.5/../../../avr/lib/avrxmega6/libc.a(fputc.o)
                                                  /usr/lib/gcc/avr/4.3.5/../../../avr/lib/avrxmega6/libc.a(vfprintf_std.o)
getaccel                                          support.o
                                                  flight.o
getoffset                                         support.o
getroll                                           support.o
                                                  flight.o
imu                                               flight.o
input                                             flight.o
inputir                                           flight.o
ir                                                flight.o
main                                              flight.o
                                                  /usr/lib/gcc/avr/4.3.5/../../../avr/lib/avrxmega6/crtx128a3.o
mega                                              flight.o
output                                            support.o
outputlong                                        support.o
printf                                            /usr/lib/gcc/avr/4.3.5/../../../avr/lib/avrxmega6/libc.a(printf.o)
                                                  support.o
readdata                                          flight.o
readirdata                                        flight.o
sendchar                                          support.o
                                                  flight.o
sendstring                                        support.o
                                                  flight.o
sprintf                                           /usr/lib/gcc/avr/4.3.5/../../../avr/lib/avrxmega6/libc.a(sprintf.o)
                                                  flight.o
strcpy                                            /usr/lib/gcc/avr/4.3.5/../../../avr/lib/avrxmega6/libc.a(strcpy.o)
                                                  flight.o
strnlen                                           /usr/lib/gcc/avr/4.3.5/../../../avr/lib/avrxmega6/libc.a(strnlen.o)
                                                  /usr/lib/gcc/avr/4.3.5/../../../avr/lib/avrxmega6/libc.a(vfprintf_std.o)
strnlen_P                                         /usr/lib/gcc/avr/4.3.5/../../../avr/lib/avrxmega6/libc.a(strnlen_P.o)
                                                  /usr/lib/gcc/avr/4.3.5/../../../avr/lib/avrxmega6/libc.a(vfprintf_std.o)
twiInitiate                                       support.o
                                                  flight.o
uartInitiate                                      support.o
                                                  flight.o
updateoffset                                      support.o
                                                  flight.o
vfprintf                                          /usr/lib/gcc/avr/4.3.5/../../../avr/lib/avrxmega6/libc.a(vfprintf_std.o)
                                                  /usr/lib/gcc/avr/4.3.5/../../../avr/lib/avrxmega6/libc.a(sprintf.o)
                                                  /usr/lib/gcc/avr/4.3.5/../../../avr/lib/avrxmega6/libc.a(printf.o)
xbee                                              flight.o
