Archive member included because of file (symbol)

/usr/lib/gcc/avr/4.3.4/avrxmega6/libgcc.a(_divmodhi4.o)
                              flighttest.o (__divmodhi4)
/usr/lib/gcc/avr/4.3.4/avrxmega6/libgcc.a(_exit.o)
                              /usr/lib/gcc/avr/4.3.4/../../../avr/lib/avrxmega6/crtx128a3.o (exit)
/usr/lib/gcc/avr/4.3.4/avrxmega6/libgcc.a(_clear_bss.o)
                              flighttest.o (__do_clear_bss)
/usr/lib/gcc/avr/4.3.4/avrxmega6/libgcc.a(_udivmodhi4.o)
                              /usr/lib/gcc/avr/4.3.4/avrxmega6/libgcc.a(_divmodhi4.o) (__udivmodhi4)
/usr/lib/gcc/avr/4.3.4/../../../avr/lib/avrxmega6/libc.a(printf.o)
                              support.o (printf)
/usr/lib/gcc/avr/4.3.4/../../../avr/lib/avrxmega6/libc.a(sprintf.o)
                              flighttest.o (sprintf)
/usr/lib/gcc/avr/4.3.4/../../../avr/lib/avrxmega6/libc.a(vfprintf_std.o)
                              /usr/lib/gcc/avr/4.3.4/../../../avr/lib/avrxmega6/libc.a(printf.o) (vfprintf)
/usr/lib/gcc/avr/4.3.4/../../../avr/lib/avrxmega6/libc.a(strnlen_P.o)
                              /usr/lib/gcc/avr/4.3.4/../../../avr/lib/avrxmega6/libc.a(vfprintf_std.o) (strnlen_P)
/usr/lib/gcc/avr/4.3.4/../../../avr/lib/avrxmega6/libc.a(strnlen.o)
                              /usr/lib/gcc/avr/4.3.4/../../../avr/lib/avrxmega6/libc.a(vfprintf_std.o) (strnlen)
/usr/lib/gcc/avr/4.3.4/../../../avr/lib/avrxmega6/libc.a(fputc.o)
                              /usr/lib/gcc/avr/4.3.4/../../../avr/lib/avrxmega6/libc.a(vfprintf_std.o) (fputc)
/usr/lib/gcc/avr/4.3.4/../../../avr/lib/avrxmega6/libc.a(iob.o)
                              /usr/lib/gcc/avr/4.3.4/../../../avr/lib/avrxmega6/libc.a(printf.o) (__iob)
/usr/lib/gcc/avr/4.3.4/../../../avr/lib/avrxmega6/libc.a(ultoa_invert.o)
                              /usr/lib/gcc/avr/4.3.4/../../../avr/lib/avrxmega6/libc.a(vfprintf_std.o) (__ultoa_invert)

Allocating common symbols
Common symbol       size              file

imu                 0x1d              flighttest.o
input               0x1               flighttest.o
xbee                0x1c              flighttest.o
__iob               0x6               /usr/lib/gcc/avr/4.3.4/../../../avr/lib/avrxmega6/libc.a(iob.o)

Memory Configuration

Name             Origin             Length             Attributes
text             0x00000000         0x00100000         xr
data             0x00802000         0x0000ffa0         rw !x
eeprom           0x00810000         0x00010000         rw !x
fuse             0x00820000         0x00000400         rw !x
lock             0x00830000         0x00000400         rw !x
signature        0x00840000         0x00000400         rw !x
*default*        0x00000000         0xffffffff

Linker script and memory map

LOAD /usr/lib/gcc/avr/4.3.4/../../../avr/lib/avrxmega6/crtx128a3.o
LOAD flighttest.o
LOAD twi_master_driver.o
LOAD support.o
LOAD usart_driver.o
LOAD /usr/lib/gcc/avr/4.3.4/../../../avr/lib/avrxmega6/libm.a
LOAD /usr/lib/gcc/avr/4.3.4/avrxmega6/libgcc.a
LOAD /usr/lib/gcc/avr/4.3.4/../../../avr/lib/avrxmega6/libc.a
LOAD /usr/lib/gcc/avr/4.3.4/avrxmega6/libgcc.a

.hash
 *(.hash)

.dynsym
 *(.dynsym)

.dynstr
 *(.dynstr)

.gnu.version
 *(.gnu.version)

.gnu.version_d
 *(.gnu.version_d)

.gnu.version_r
 *(.gnu.version_r)

.rel.init
 *(.rel.init)

.rela.init
 *(.rela.init)

.rel.text
 *(.rel.text)
 *(.rel.text.*)
 *(.rel.gnu.linkonce.t*)

.rela.text
 *(.rela.text)
 *(.rela.text.*)
 *(.rela.gnu.linkonce.t*)

.rel.fini
 *(.rel.fini)

.rela.fini
 *(.rela.fini)

.rel.rodata
 *(.rel.rodata)
 *(.rel.rodata.*)
 *(.rel.gnu.linkonce.r*)

.rela.rodata
 *(.rela.rodata)
 *(.rela.rodata.*)
 *(.rela.gnu.linkonce.r*)

.rel.data
 *(.rel.data)
 *(.rel.data.*)
 *(.rel.gnu.linkonce.d*)

.rela.data
 *(.rela.data)
 *(.rela.data.*)
 *(.rela.gnu.linkonce.d*)

.rel.ctors
 *(.rel.ctors)

.rela.ctors
 *(.rela.ctors)

.rel.dtors
 *(.rel.dtors)

.rela.dtors
 *(.rela.dtors)

.rel.got
 *(.rel.got)

.rela.got
 *(.rela.got)

.rel.bss
 *(.rel.bss)

.rela.bss
 *(.rela.bss)

.rel.plt
 *(.rel.plt)

.rela.plt
 *(.rela.plt)

.text           0x00000000     0x1cc6
 *(.vectors)
 .vectors       0x00000000      0x1e8 /usr/lib/gcc/avr/4.3.4/../../../avr/lib/avrxmega6/crtx128a3.o
                0x00000000                __vectors
                0x00000000                __vector_default
 *(.vectors)
 *(.progmem.gcc*)
 *(.progmem*)
                0x000001e8                . = ALIGN (0x2)
                0x000001e8                __trampolines_start = .
 *(.trampolines)
 .trampolines   0x000001e8        0x0 linker stubs
 *(.trampolines*)
                0x000001e8                __trampolines_end = .
 *(.jumptables)
 *(.jumptables*)
 *(.lowtext)
 *(.lowtext*)
                0x000001e8                __ctors_start = .
 *(.ctors)
                0x000001e8                __ctors_end = .
                0x000001e8                __dtors_start = .
 *(.dtors)
                0x000001e8                __dtors_end = .
 SORT(*)(.ctors)
 SORT(*)(.dtors)
 *(.init0)
 .init0         0x000001e8        0x0 /usr/lib/gcc/avr/4.3.4/../../../avr/lib/avrxmega6/crtx128a3.o
                0x000001e8                __init
 *(.init0)
 *(.init1)
 *(.init1)
 *(.init2)
 .init2         0x000001e8       0x10 /usr/lib/gcc/avr/4.3.4/../../../avr/lib/avrxmega6/crtx128a3.o
 *(.init2)
 *(.init3)
 *(.init3)
 *(.init4)
 .init4         0x000001f8       0x1a /usr/lib/gcc/avr/4.3.4/../../../avr/lib/avrxmega6/crtx128a3.o
                0x000001f8                __do_copy_data
 .init4         0x00000212       0x10 /usr/lib/gcc/avr/4.3.4/avrxmega6/libgcc.a(_clear_bss.o)
                0x00000212                __do_clear_bss
 *(.init4)
 *(.init5)
 *(.init5)
 *(.init6)
 *(.init6)
 *(.init7)
 *(.init7)
 *(.init8)
 *(.init8)
 *(.init9)
 .init9         0x00000222        0x8 /usr/lib/gcc/avr/4.3.4/../../../avr/lib/avrxmega6/crtx128a3.o
 *(.init9)
 *(.text)
 .text          0x0000022a        0x4 /usr/lib/gcc/avr/4.3.4/../../../avr/lib/avrxmega6/crtx128a3.o
                0x0000022a                __vector_38
                0x0000022a                __vector_104
                0x0000022a                __vector_22
                0x0000022a                __vector_63
                0x0000022a                __vector_28
                0x0000022a                __vector_67
                0x0000022a                __vector_1
                0x0000022a                __vector_119
                0x0000022a                __vector_32
                0x0000022a                __vector_75
                0x0000022a                __vector_71
                0x0000022a                __vector_91
                0x0000022a                __vector_34
                0x0000022a                __vector_62
                0x0000022a                __vector_77
                0x0000022a                __vector_102
                0x0000022a                __vector_24
                0x0000022a                __vector_12
                0x0000022a                __vector_55
                0x0000022a                __vector_69
                0x0000022a                __vector_81
                0x0000022a                __vector_90
                0x0000022a                __vector_46
                0x0000022a                __bad_interrupt
                0x0000022a                __vector_72
                0x0000022a                __vector_114
                0x0000022a                __vector_6
                0x0000022a                __vector_110
                0x0000022a                __vector_31
                0x0000022a                __vector_92
                0x0000022a                __vector_35
                0x0000022a                __vector_78
                0x0000022a                __vector_74
                0x0000022a                __vector_117
                0x0000022a                __vector_39
                0x0000022a                __vector_107
                0x0000022a                __vector_3
                0x0000022a                __vector_105
                0x0000022a                __vector_98
                0x0000022a                __vector_23
                0x0000022a                __vector_68
                0x0000022a                __vector_30
                0x0000022a                __vector_73
                0x0000022a                __vector_45
                0x0000022a                __vector_25
                0x0000022a                __vector_93
                0x0000022a                __vector_61
                0x0000022a                __vector_11
                0x0000022a                __vector_54
                0x0000022a                __vector_99
                0x0000022a                __vector_17
                0x0000022a                __vector_19
                0x0000022a                __vector_56
                0x0000022a                __vector_7
                0x0000022a                __vector_49
                0x0000022a                __vector_41
                0x0000022a                __vector_86
                0x0000022a                __vector_100
                0x0000022a                __vector_101
                0x0000022a                __vector_64
                0x0000022a                __vector_88
                0x0000022a                __vector_109
                0x0000022a                __vector_43
                0x0000022a                __vector_27
                0x0000022a                __vector_5
                0x0000022a                __vector_113
                0x0000022a                __vector_33
                0x0000022a                __vector_76
                0x0000022a                __vector_115
                0x0000022a                __vector_47
                0x0000022a                __vector_52
                0x0000022a                __vector_37
                0x0000022a                __vector_95
                0x0000022a                __vector_103
                0x0000022a                __vector_96
                0x0000022a                __vector_89
                0x0000022a                __vector_108
                0x0000022a                __vector_4
                0x0000022a                __vector_44
                0x0000022a                __vector_82
                0x0000022a                __vector_106
                0x0000022a                __vector_118
                0x0000022a                __vector_51
                0x0000022a                __vector_9
                0x0000022a                __vector_2
                0x0000022a                __vector_21
                0x0000022a                __vector_15
                0x0000022a                __vector_66
                0x0000022a                __vector_36
                0x0000022a                __vector_79
                0x0000022a                __vector_70
                0x0000022a                __vector_83
                0x0000022a                __vector_29
                0x0000022a                __vector_60
                0x0000022a                __vector_121
                0x0000022a                __vector_40
                0x0000022a                __vector_85
                0x0000022a                __vector_94
                0x0000022a                __vector_8
                0x0000022a                __vector_26
                0x0000022a                __vector_48
                0x0000022a                __vector_116
                0x0000022a                __vector_112
                0x0000022a                __vector_111
                0x0000022a                __vector_80
                0x0000022a                __vector_14
                0x0000022a                __vector_84
                0x0000022a                __vector_57
                0x0000022a                __vector_53
                0x0000022a                __vector_10
                0x0000022a                __vector_50
                0x0000022a                __vector_16
                0x0000022a                __vector_18
                0x0000022a                __vector_97
                0x0000022a                __vector_20
                0x0000022a                __vector_42
                0x0000022a                __vector_87
                0x0000022a                __vector_65
                0x0000022a                __vector_120
 .text          0x0000022e      0x9fc flighttest.o
                0x0000022e                __vector_13
                0x00000282                __vector_59
                0x000002d6                __vector_58
                0x0000034e                main
 .text          0x00000c2a      0x27e twi_master_driver.o
                0x00000c2a                TWI_MasterInit
                0x00000c4a                TWI_MasterState
                0x00000c5e                TWI_MasterReady
                0x00000c66                TWI_MasterWriteRead
                0x00000d08                TWI_MasterRead
                0x00000d1a                TWI_MasterWrite
                0x00000d26                TWI_MasterArbitrationLostBusErrorHandler
                0x00000d50                TWI_MasterWriteHandler
                0x00000dc8                TWI_MasterReadHandler
                0x00000e3a                TWI_MasterInterruptHandler
                0x00000ea0                TWI_MasterTransactionFinished
 .text          0x00000ea8      0x6b8 support.o
                0x00000ea8                CCPWrite
                0x00000ed2                ValueFunk
                0x00000f1e                getoffset
                0x000011f8                getaccel
                0x000012ba                getroll
                0x00001328                exponent
                0x000013a4                outputlong
                0x00001450                output
                0x00001500                sendchar
                0x0000153c                sendstring
 .text          0x00001560      0x15a usart_driver.o
                0x00001560                USART_InterruptDriver_Initialize
                0x00001574                USART_InterruptDriver_DreInterruptLevel_Set
                0x0000157c                USART_TXBuffer_FreeSpace
                0x00001590                USART_TXBuffer_PutByte
                0x000015d8                USART_RXBufferData_Available
                0x000015e8                USART_RXBuffer_GetByte
                0x00001608                USART_RXComplete
                0x00001640                USART_DataRegEmpty
                0x00001688                USART_NineBits_PutChar
                0x0000169e                USART_NineBits_GetChar
 .text          0x000016ba        0x0 /usr/lib/gcc/avr/4.3.4/avrxmega6/libgcc.a(_divmodhi4.o)
 .text          0x000016ba        0x0 /usr/lib/gcc/avr/4.3.4/avrxmega6/libgcc.a(_exit.o)
 .text          0x000016ba        0x0 /usr/lib/gcc/avr/4.3.4/avrxmega6/libgcc.a(_clear_bss.o)
 .text          0x000016ba        0x0 /usr/lib/gcc/avr/4.3.4/avrxmega6/libgcc.a(_udivmodhi4.o)
 .text          0x000016ba        0x0 /usr/lib/gcc/avr/4.3.4/../../../avr/lib/avrxmega6/libc.a(printf.o)
 .text          0x000016ba        0x0 /usr/lib/gcc/avr/4.3.4/../../../avr/lib/avrxmega6/libc.a(sprintf.o)
 .text          0x000016ba        0x0 /usr/lib/gcc/avr/4.3.4/../../../avr/lib/avrxmega6/libc.a(vfprintf_std.o)
 .text          0x000016ba        0x0 /usr/lib/gcc/avr/4.3.4/../../../avr/lib/avrxmega6/libc.a(strnlen_P.o)
 .text          0x000016ba        0x0 /usr/lib/gcc/avr/4.3.4/../../../avr/lib/avrxmega6/libc.a(strnlen.o)
 .text          0x000016ba        0x0 /usr/lib/gcc/avr/4.3.4/../../../avr/lib/avrxmega6/libc.a(fputc.o)
 .text          0x000016ba        0x0 /usr/lib/gcc/avr/4.3.4/../../../avr/lib/avrxmega6/libc.a(iob.o)
 .text          0x000016ba        0x0 /usr/lib/gcc/avr/4.3.4/../../../avr/lib/avrxmega6/libc.a(ultoa_invert.o)
                0x000016ba                . = ALIGN (0x2)
 *(.text.*)
 .text.libgcc   0x000016ba       0x26 /usr/lib/gcc/avr/4.3.4/avrxmega6/libgcc.a(_divmodhi4.o)
                0x000016ba                __divmodhi4
                0x000016ba                _div
 .text.libgcc   0x000016e0        0x0 /usr/lib/gcc/avr/4.3.4/avrxmega6/libgcc.a(_exit.o)
 .text.libgcc   0x000016e0        0x0 /usr/lib/gcc/avr/4.3.4/avrxmega6/libgcc.a(_clear_bss.o)
 .text.libgcc   0x000016e0       0x28 /usr/lib/gcc/avr/4.3.4/avrxmega6/libgcc.a(_udivmodhi4.o)
                0x000016e0                __udivmodhi4
 .text.avr-libc
                0x00001708       0x24 /usr/lib/gcc/avr/4.3.4/../../../avr/lib/avrxmega6/libc.a(printf.o)
                0x00001708                printf
 .text.avr-libc
                0x0000172c       0x56 /usr/lib/gcc/avr/4.3.4/../../../avr/lib/avrxmega6/libc.a(sprintf.o)
                0x0000172c                sprintf
 .text.avr-libc
                0x00001782      0x400 /usr/lib/gcc/avr/4.3.4/../../../avr/lib/avrxmega6/libc.a(vfprintf_std.o)
                0x00001782                vfprintf
 .text.avr-libc
                0x00001b82       0x16 /usr/lib/gcc/avr/4.3.4/../../../avr/lib/avrxmega6/libc.a(strnlen_P.o)
                0x00001b82                strnlen_P
 .text.avr-libc
                0x00001b98       0x16 /usr/lib/gcc/avr/4.3.4/../../../avr/lib/avrxmega6/libc.a(strnlen.o)
                0x00001b98                strnlen
 .text.avr-libc
                0x00001bae       0x58 /usr/lib/gcc/avr/4.3.4/../../../avr/lib/avrxmega6/libc.a(fputc.o)
                0x00001bae                fputc
 .text.avr-libc
                0x00001c06       0xbc /usr/lib/gcc/avr/4.3.4/../../../avr/lib/avrxmega6/libc.a(ultoa_invert.o)
                0x00001c06                __ultoa_invert
                0x00001cc2                . = ALIGN (0x2)
 *(.fini9)
 .fini9         0x00001cc2        0x0 /usr/lib/gcc/avr/4.3.4/avrxmega6/libgcc.a(_exit.o)
                0x00001cc2                exit
                0x00001cc2                _exit
 *(.fini9)
 *(.fini8)
 *(.fini8)
 *(.fini7)
 *(.fini7)
 *(.fini6)
 *(.fini6)
 *(.fini5)
 *(.fini5)
 *(.fini4)
 *(.fini4)
 *(.fini3)
 *(.fini3)
 *(.fini2)
 *(.fini2)
 *(.fini1)
 *(.fini1)
 *(.fini0)
 .fini0         0x00001cc2        0x4 /usr/lib/gcc/avr/4.3.4/avrxmega6/libgcc.a(_exit.o)
 *(.fini0)
                0x00001cc6                _etext = .

.data           0x00802000       0x66 load address 0x00001cc6
                0x00802000                PROVIDE (__data_start, .)
 *(.data)
 .data          0x00802000        0x0 /usr/lib/gcc/avr/4.3.4/../../../avr/lib/avrxmega6/crtx128a3.o
 .data          0x00802000       0x55 flighttest.o
 .data          0x00802055        0x0 twi_master_driver.o
 .data          0x00802055       0x10 support.o
 .data          0x00802065        0x0 usart_driver.o
 .data          0x00802065        0x0 /usr/lib/gcc/avr/4.3.4/avrxmega6/libgcc.a(_divmodhi4.o)
 .data          0x00802065        0x0 /usr/lib/gcc/avr/4.3.4/avrxmega6/libgcc.a(_exit.o)
 .data          0x00802065        0x0 /usr/lib/gcc/avr/4.3.4/avrxmega6/libgcc.a(_clear_bss.o)
 .data          0x00802065        0x0 /usr/lib/gcc/avr/4.3.4/avrxmega6/libgcc.a(_udivmodhi4.o)
 .data          0x00802065        0x0 /usr/lib/gcc/avr/4.3.4/../../../avr/lib/avrxmega6/libc.a(printf.o)
 .data          0x00802065        0x0 /usr/lib/gcc/avr/4.3.4/../../../avr/lib/avrxmega6/libc.a(sprintf.o)
 .data          0x00802065        0x0 /usr/lib/gcc/avr/4.3.4/../../../avr/lib/avrxmega6/libc.a(vfprintf_std.o)
 .data          0x00802065        0x0 /usr/lib/gcc/avr/4.3.4/../../../avr/lib/avrxmega6/libc.a(strnlen_P.o)
 .data          0x00802065        0x0 /usr/lib/gcc/avr/4.3.4/../../../avr/lib/avrxmega6/libc.a(strnlen.o)
 .data          0x00802065        0x0 /usr/lib/gcc/avr/4.3.4/../../../avr/lib/avrxmega6/libc.a(fputc.o)
 .data          0x00802065        0x0 /usr/lib/gcc/avr/4.3.4/../../../avr/lib/avrxmega6/libc.a(iob.o)
 .data          0x00802065        0x0 /usr/lib/gcc/avr/4.3.4/../../../avr/lib/avrxmega6/libc.a(ultoa_invert.o)
 *(.data*)
 *(.rodata)
 *(.rodata*)
 *(.gnu.linkonce.d*)
                0x00802066                . = ALIGN (0x2)
 *fill*         0x00802065        0x1 00
                0x00802066                _edata = .
                0x00802066                PROVIDE (__data_end, .)

.bss            0x00802066       0x41
                0x00802066                PROVIDE (__bss_start, .)
 *(.bss)
 .bss           0x00802066        0x0 /usr/lib/gcc/avr/4.3.4/../../../avr/lib/avrxmega6/crtx128a3.o
 .bss           0x00802066        0x1 flighttest.o
                0x00802066                readdata
 .bss           0x00802067        0x0 twi_master_driver.o
 .bss           0x00802067        0x0 support.o
 .bss           0x00802067        0x0 usart_driver.o
 .bss           0x00802067        0x0 /usr/lib/gcc/avr/4.3.4/avrxmega6/libgcc.a(_divmodhi4.o)
 .bss           0x00802067        0x0 /usr/lib/gcc/avr/4.3.4/avrxmega6/libgcc.a(_exit.o)
 .bss           0x00802067        0x0 /usr/lib/gcc/avr/4.3.4/avrxmega6/libgcc.a(_clear_bss.o)
 .bss           0x00802067        0x0 /usr/lib/gcc/avr/4.3.4/avrxmega6/libgcc.a(_udivmodhi4.o)
 .bss           0x00802067        0x0 /usr/lib/gcc/avr/4.3.4/../../../avr/lib/avrxmega6/libc.a(printf.o)
 .bss           0x00802067        0x0 /usr/lib/gcc/avr/4.3.4/../../../avr/lib/avrxmega6/libc.a(sprintf.o)
 .bss           0x00802067        0x0 /usr/lib/gcc/avr/4.3.4/../../../avr/lib/avrxmega6/libc.a(vfprintf_std.o)
 .bss           0x00802067        0x0 /usr/lib/gcc/avr/4.3.4/../../../avr/lib/avrxmega6/libc.a(strnlen_P.o)
 .bss           0x00802067        0x0 /usr/lib/gcc/avr/4.3.4/../../../avr/lib/avrxmega6/libc.a(strnlen.o)
 .bss           0x00802067        0x0 /usr/lib/gcc/avr/4.3.4/../../../avr/lib/avrxmega6/libc.a(fputc.o)
 .bss           0x00802067        0x0 /usr/lib/gcc/avr/4.3.4/../../../avr/lib/avrxmega6/libc.a(iob.o)
 .bss           0x00802067        0x0 /usr/lib/gcc/avr/4.3.4/../../../avr/lib/avrxmega6/libc.a(ultoa_invert.o)
 *(.bss*)
 *(COMMON)
 COMMON         0x00802067       0x3a flighttest.o
                0x00802067                imu
                0x00802084                input
                0x00802085                xbee
 COMMON         0x008020a1        0x6 /usr/lib/gcc/avr/4.3.4/../../../avr/lib/avrxmega6/libc.a(iob.o)
                0x008020a1                __iob
                0x008020a7                PROVIDE (__bss_end, .)
                0x00001cc6                __data_load_start = LOADADDR (.data)
                0x00001d2c                __data_load_end = (__data_load_start + SIZEOF (.data))

.noinit         0x008020a7        0x0
                0x008020a7                PROVIDE (__noinit_start, .)
 *(.noinit*)
                0x008020a7                PROVIDE (__noinit_end, .)
                0x008020a7                _end = .
                0x008020a7                PROVIDE (__heap_start, .)

.eeprom         0x00810000        0x0
 *(.eeprom*)
                0x00810000                __eeprom_end = .

.fuse
 *(.fuse)
 *(.lfuse)
 *(.hfuse)
 *(.efuse)

.lock
 *(.lock*)

.signature
 *(.signature*)

.stab           0x00000000     0x1ef0
 *(.stab)
 .stab          0x00000000      0x768 /usr/lib/gcc/avr/4.3.4/../../../avr/lib/avrxmega6/crtx128a3.o
 .stab          0x00000768      0x360 /usr/lib/gcc/avr/4.3.4/../../../avr/lib/avrxmega6/libc.a(printf.o)
                                0x36c (size before relaxing)
 .stab          0x00000ac8      0x1f8 /usr/lib/gcc/avr/4.3.4/../../../avr/lib/avrxmega6/libc.a(sprintf.o)
                                0x3d8 (size before relaxing)
 .stab          0x00000cc0      0x978 /usr/lib/gcc/avr/4.3.4/../../../avr/lib/avrxmega6/libc.a(vfprintf_std.o)
                                0xb58 (size before relaxing)
 .stab          0x00001638       0x9c /usr/lib/gcc/avr/4.3.4/../../../avr/lib/avrxmega6/libc.a(strnlen_P.o)
                                 0xa8 (size before relaxing)
 .stab          0x000016d4       0x9c /usr/lib/gcc/avr/4.3.4/../../../avr/lib/avrxmega6/libc.a(strnlen.o)
                                 0xa8 (size before relaxing)
 .stab          0x00001770      0x1d4 /usr/lib/gcc/avr/4.3.4/../../../avr/lib/avrxmega6/libc.a(fputc.o)
                                0x3b4 (size before relaxing)
 .stab          0x00001944      0x12c /usr/lib/gcc/avr/4.3.4/../../../avr/lib/avrxmega6/libc.a(iob.o)
                                0x30c (size before relaxing)
 .stab          0x00001a70      0x480 /usr/lib/gcc/avr/4.3.4/../../../avr/lib/avrxmega6/libc.a(ultoa_invert.o)
                                0x48c (size before relaxing)

.stabstr        0x00000000      0xd2a
 *(.stabstr)
 .stabstr       0x00000000      0xd2a /usr/lib/gcc/avr/4.3.4/../../../avr/lib/avrxmega6/crtx128a3.o

.stab.excl
 *(.stab.excl)

.stab.exclstr
 *(.stab.exclstr)

.stab.index
 *(.stab.index)

.stab.indexstr
 *(.stab.indexstr)

.comment
 *(.comment)

.debug
 *(.debug)

.line
 *(.line)

.debug_srcinfo
 *(.debug_srcinfo)

.debug_sfnames
 *(.debug_sfnames)

.debug_aranges  0x00000000       0x80
 *(.debug_aranges)
 .debug_aranges
                0x00000000       0x20 flighttest.o
 .debug_aranges
                0x00000020       0x20 twi_master_driver.o
 .debug_aranges
                0x00000040       0x20 support.o
 .debug_aranges
                0x00000060       0x20 usart_driver.o

.debug_pubnames
                0x00000000      0x376
 *(.debug_pubnames)
 .debug_pubnames
                0x00000000       0x73 flighttest.o
 .debug_pubnames
                0x00000073      0x12f twi_master_driver.o
 .debug_pubnames
                0x000001a2       0x97 support.o
 .debug_pubnames
                0x00000239      0x13d usart_driver.o

.debug_info     0x00000000     0x2d0d
 *(.debug_info)
 .debug_info    0x00000000     0x14cf flighttest.o
 .debug_info    0x000014cf      0x7d3 twi_master_driver.o
 .debug_info    0x00001ca2      0xacb support.o
 .debug_info    0x0000276d      0x5a0 usart_driver.o
 *(.gnu.linkonce.wi.*)

.debug_abbrev   0x00000000      0x7f7
 *(.debug_abbrev)
 .debug_abbrev  0x00000000      0x1bc flighttest.o
 .debug_abbrev  0x000001bc      0x235 twi_master_driver.o
 .debug_abbrev  0x000003f1      0x1b8 support.o
 .debug_abbrev  0x000005a9      0x24e usart_driver.o

.debug_line     0x00000000     0x1155
 *(.debug_line)
 .debug_line    0x00000000      0x572 flighttest.o
 .debug_line    0x00000572      0x3fa twi_master_driver.o
 .debug_line    0x0000096c      0x510 support.o
 .debug_line    0x00000e7c      0x2d9 usart_driver.o

.debug_frame    0x00000000      0x270
 *(.debug_frame)
 .debug_frame   0x00000000       0x50 flighttest.o
 .debug_frame   0x00000050       0xc0 twi_master_driver.o
 .debug_frame   0x00000110       0xb0 support.o
 .debug_frame   0x000001c0       0xb0 usart_driver.o

.debug_str      0x00000000     0x1134
 *(.debug_str)
 .debug_str     0x00000000      0xb43 flighttest.o
                                0xbbb (size before relaxing)
 .debug_str     0x00000b43      0x359 twi_master_driver.o
                                0x59f (size before relaxing)
 .debug_str     0x00000e9c      0x11d support.o
                                0x622 (size before relaxing)
 .debug_str     0x00000fb9      0x17b usart_driver.o
                                0x3a1 (size before relaxing)

.debug_loc      0x00000000      0xcab
 *(.debug_loc)
 .debug_loc     0x00000000       0x4c flighttest.o
 .debug_loc     0x0000004c      0x32d twi_master_driver.o
 .debug_loc     0x00000379      0x71b support.o
 .debug_loc     0x00000a94      0x217 usart_driver.o

.debug_macinfo
 *(.debug_macinfo)
OUTPUT(flightcontrol.elf elf32-avr)
LOAD linker stubs

Cross Reference Table

Symbol                                            File
CCPWrite                                          support.o
                                                  flighttest.o
TWI_MasterArbitrationLostBusErrorHandler          twi_master_driver.o
TWI_MasterInit                                    twi_master_driver.o
                                                  flighttest.o
TWI_MasterInterruptHandler                        twi_master_driver.o
                                                  flighttest.o
TWI_MasterRead                                    twi_master_driver.o
TWI_MasterReadHandler                             twi_master_driver.o
TWI_MasterReady                                   twi_master_driver.o
TWI_MasterState                                   twi_master_driver.o
TWI_MasterTransactionFinished                     twi_master_driver.o
TWI_MasterWrite                                   twi_master_driver.o
TWI_MasterWriteHandler                            twi_master_driver.o
TWI_MasterWriteRead                               twi_master_driver.o
                                                  support.o
                                                  flighttest.o
USART_DataRegEmpty                                usart_driver.o
                                                  flighttest.o
USART_InterruptDriver_DreInterruptLevel_Set       usart_driver.o
USART_InterruptDriver_Initialize                  usart_driver.o
                                                  flighttest.o
USART_NineBits_GetChar                            usart_driver.o
USART_NineBits_PutChar                            usart_driver.o
USART_RXBufferData_Available                      usart_driver.o
USART_RXBuffer_GetByte                            usart_driver.o
                                                  flighttest.o
USART_RXComplete                                  usart_driver.o
                                                  flighttest.o
USART_TXBuffer_FreeSpace                          usart_driver.o
USART_TXBuffer_PutByte                            usart_driver.o
                                                  support.o
ValueFunk                                         support.o
                                                  flighttest.o
__bad_interrupt                                   /usr/lib/gcc/avr/4.3.4/../../../avr/lib/avrxmega6/crtx128a3.o
__bss_end                                         /usr/lib/gcc/avr/4.3.4/avrxmega6/libgcc.a(_clear_bss.o)
__bss_start                                       /usr/lib/gcc/avr/4.3.4/avrxmega6/libgcc.a(_clear_bss.o)
__data_end                                        /usr/lib/gcc/avr/4.3.4/../../../avr/lib/avrxmega6/crtx128a3.o
__data_load_start                                 /usr/lib/gcc/avr/4.3.4/../../../avr/lib/avrxmega6/crtx128a3.o
__data_start                                      /usr/lib/gcc/avr/4.3.4/../../../avr/lib/avrxmega6/crtx128a3.o
__divmodhi4                                       /usr/lib/gcc/avr/4.3.4/avrxmega6/libgcc.a(_divmodhi4.o)
                                                  support.o
                                                  flighttest.o
__do_clear_bss                                    /usr/lib/gcc/avr/4.3.4/avrxmega6/libgcc.a(_clear_bss.o)
                                                  /usr/lib/gcc/avr/4.3.4/../../../avr/lib/avrxmega6/libc.a(iob.o)
                                                  /usr/lib/gcc/avr/4.3.4/../../../avr/lib/avrxmega6/libc.a(fputc.o)
                                                  /usr/lib/gcc/avr/4.3.4/../../../avr/lib/avrxmega6/libc.a(vfprintf_std.o)
                                                  /usr/lib/gcc/avr/4.3.4/../../../avr/lib/avrxmega6/libc.a(sprintf.o)
                                                  /usr/lib/gcc/avr/4.3.4/../../../avr/lib/avrxmega6/libc.a(printf.o)
                                                  usart_driver.o
                                                  support.o
                                                  twi_master_driver.o
                                                  flighttest.o
__do_copy_data                                    /usr/lib/gcc/avr/4.3.4/../../../avr/lib/avrxmega6/crtx128a3.o
                                                  /usr/lib/gcc/avr/4.3.4/../../../avr/lib/avrxmega6/libc.a(iob.o)
                                                  /usr/lib/gcc/avr/4.3.4/../../../avr/lib/avrxmega6/libc.a(fputc.o)
                                                  /usr/lib/gcc/avr/4.3.4/../../../avr/lib/avrxmega6/libc.a(vfprintf_std.o)
                                                  /usr/lib/gcc/avr/4.3.4/../../../avr/lib/avrxmega6/libc.a(sprintf.o)
                                                  /usr/lib/gcc/avr/4.3.4/../../../avr/lib/avrxmega6/libc.a(printf.o)
                                                  usart_driver.o
                                                  support.o
                                                  twi_master_driver.o
                                                  flighttest.o
__heap_end                                        /usr/lib/gcc/avr/4.3.4/../../../avr/lib/avrxmega6/crtx128a3.o
__init                                            /usr/lib/gcc/avr/4.3.4/../../../avr/lib/avrxmega6/crtx128a3.o
__iob                                             /usr/lib/gcc/avr/4.3.4/../../../avr/lib/avrxmega6/libc.a(iob.o)
                                                  /usr/lib/gcc/avr/4.3.4/../../../avr/lib/avrxmega6/libc.a(printf.o)
__stack                                           /usr/lib/gcc/avr/4.3.4/../../../avr/lib/avrxmega6/crtx128a3.o
__udivmodhi4                                      /usr/lib/gcc/avr/4.3.4/avrxmega6/libgcc.a(_udivmodhi4.o)
                                                  /usr/lib/gcc/avr/4.3.4/avrxmega6/libgcc.a(_divmodhi4.o)
__ultoa_invert                                    /usr/lib/gcc/avr/4.3.4/../../../avr/lib/avrxmega6/libc.a(ultoa_invert.o)
                                                  /usr/lib/gcc/avr/4.3.4/../../../avr/lib/avrxmega6/libc.a(vfprintf_std.o)
__vector_1                                        /usr/lib/gcc/avr/4.3.4/../../../avr/lib/avrxmega6/crtx128a3.o
__vector_10                                       /usr/lib/gcc/avr/4.3.4/../../../avr/lib/avrxmega6/crtx128a3.o
__vector_100                                      /usr/lib/gcc/avr/4.3.4/../../../avr/lib/avrxmega6/crtx128a3.o
__vector_101                                      /usr/lib/gcc/avr/4.3.4/../../../avr/lib/avrxmega6/crtx128a3.o
__vector_102                                      /usr/lib/gcc/avr/4.3.4/../../../avr/lib/avrxmega6/crtx128a3.o
__vector_103                                      /usr/lib/gcc/avr/4.3.4/../../../avr/lib/avrxmega6/crtx128a3.o
__vector_104                                      /usr/lib/gcc/avr/4.3.4/../../../avr/lib/avrxmega6/crtx128a3.o
__vector_105                                      /usr/lib/gcc/avr/4.3.4/../../../avr/lib/avrxmega6/crtx128a3.o
__vector_106                                      /usr/lib/gcc/avr/4.3.4/../../../avr/lib/avrxmega6/crtx128a3.o
__vector_107                                      /usr/lib/gcc/avr/4.3.4/../../../avr/lib/avrxmega6/crtx128a3.o
__vector_108                                      /usr/lib/gcc/avr/4.3.4/../../../avr/lib/avrxmega6/crtx128a3.o
__vector_109                                      /usr/lib/gcc/avr/4.3.4/../../../avr/lib/avrxmega6/crtx128a3.o
__vector_11                                       /usr/lib/gcc/avr/4.3.4/../../../avr/lib/avrxmega6/crtx128a3.o
__vector_110                                      /usr/lib/gcc/avr/4.3.4/../../../avr/lib/avrxmega6/crtx128a3.o
__vector_111                                      /usr/lib/gcc/avr/4.3.4/../../../avr/lib/avrxmega6/crtx128a3.o
__vector_112                                      /usr/lib/gcc/avr/4.3.4/../../../avr/lib/avrxmega6/crtx128a3.o
__vector_113                                      /usr/lib/gcc/avr/4.3.4/../../../avr/lib/avrxmega6/crtx128a3.o
__vector_114                                      /usr/lib/gcc/avr/4.3.4/../../../avr/lib/avrxmega6/crtx128a3.o
__vector_115                                      /usr/lib/gcc/avr/4.3.4/../../../avr/lib/avrxmega6/crtx128a3.o
__vector_116                                      /usr/lib/gcc/avr/4.3.4/../../../avr/lib/avrxmega6/crtx128a3.o
__vector_117                                      /usr/lib/gcc/avr/4.3.4/../../../avr/lib/avrxmega6/crtx128a3.o
__vector_118                                      /usr/lib/gcc/avr/4.3.4/../../../avr/lib/avrxmega6/crtx128a3.o
__vector_119                                      /usr/lib/gcc/avr/4.3.4/../../../avr/lib/avrxmega6/crtx128a3.o
__vector_12                                       /usr/lib/gcc/avr/4.3.4/../../../avr/lib/avrxmega6/crtx128a3.o
__vector_120                                      /usr/lib/gcc/avr/4.3.4/../../../avr/lib/avrxmega6/crtx128a3.o
__vector_121                                      /usr/lib/gcc/avr/4.3.4/../../../avr/lib/avrxmega6/crtx128a3.o
__vector_13                                       flighttest.o
                                                  /usr/lib/gcc/avr/4.3.4/../../../avr/lib/avrxmega6/crtx128a3.o
__vector_14                                       /usr/lib/gcc/avr/4.3.4/../../../avr/lib/avrxmega6/crtx128a3.o
__vector_15                                       /usr/lib/gcc/avr/4.3.4/../../../avr/lib/avrxmega6/crtx128a3.o
__vector_16                                       /usr/lib/gcc/avr/4.3.4/../../../avr/lib/avrxmega6/crtx128a3.o
__vector_17                                       /usr/lib/gcc/avr/4.3.4/../../../avr/lib/avrxmega6/crtx128a3.o
__vector_18                                       /usr/lib/gcc/avr/4.3.4/../../../avr/lib/avrxmega6/crtx128a3.o
__vector_19                                       /usr/lib/gcc/avr/4.3.4/../../../avr/lib/avrxmega6/crtx128a3.o
__vector_2                                        /usr/lib/gcc/avr/4.3.4/../../../avr/lib/avrxmega6/crtx128a3.o
__vector_20                                       /usr/lib/gcc/avr/4.3.4/../../../avr/lib/avrxmega6/crtx128a3.o
__vector_21                                       /usr/lib/gcc/avr/4.3.4/../../../avr/lib/avrxmega6/crtx128a3.o
__vector_22                                       /usr/lib/gcc/avr/4.3.4/../../../avr/lib/avrxmega6/crtx128a3.o
__vector_23                                       /usr/lib/gcc/avr/4.3.4/../../../avr/lib/avrxmega6/crtx128a3.o
__vector_24                                       /usr/lib/gcc/avr/4.3.4/../../../avr/lib/avrxmega6/crtx128a3.o
__vector_25                                       /usr/lib/gcc/avr/4.3.4/../../../avr/lib/avrxmega6/crtx128a3.o
__vector_26                                       /usr/lib/gcc/avr/4.3.4/../../../avr/lib/avrxmega6/crtx128a3.o
__vector_27                                       /usr/lib/gcc/avr/4.3.4/../../../avr/lib/avrxmega6/crtx128a3.o
__vector_28                                       /usr/lib/gcc/avr/4.3.4/../../../avr/lib/avrxmega6/crtx128a3.o
__vector_29                                       /usr/lib/gcc/avr/4.3.4/../../../avr/lib/avrxmega6/crtx128a3.o
__vector_3                                        /usr/lib/gcc/avr/4.3.4/../../../avr/lib/avrxmega6/crtx128a3.o
__vector_30                                       /usr/lib/gcc/avr/4.3.4/../../../avr/lib/avrxmega6/crtx128a3.o
__vector_31                                       /usr/lib/gcc/avr/4.3.4/../../../avr/lib/avrxmega6/crtx128a3.o
__vector_32                                       /usr/lib/gcc/avr/4.3.4/../../../avr/lib/avrxmega6/crtx128a3.o
__vector_33                                       /usr/lib/gcc/avr/4.3.4/../../../avr/lib/avrxmega6/crtx128a3.o
__vector_34                                       /usr/lib/gcc/avr/4.3.4/../../../avr/lib/avrxmega6/crtx128a3.o
__vector_35                                       /usr/lib/gcc/avr/4.3.4/../../../avr/lib/avrxmega6/crtx128a3.o
__vector_36                                       /usr/lib/gcc/avr/4.3.4/../../../avr/lib/avrxmega6/crtx128a3.o
__vector_37                                       /usr/lib/gcc/avr/4.3.4/../../../avr/lib/avrxmega6/crtx128a3.o
__vector_38                                       /usr/lib/gcc/avr/4.3.4/../../../avr/lib/avrxmega6/crtx128a3.o
__vector_39                                       /usr/lib/gcc/avr/4.3.4/../../../avr/lib/avrxmega6/crtx128a3.o
__vector_4                                        /usr/lib/gcc/avr/4.3.4/../../../avr/lib/avrxmega6/crtx128a3.o
__vector_40                                       /usr/lib/gcc/avr/4.3.4/../../../avr/lib/avrxmega6/crtx128a3.o
__vector_41                                       /usr/lib/gcc/avr/4.3.4/../../../avr/lib/avrxmega6/crtx128a3.o
__vector_42                                       /usr/lib/gcc/avr/4.3.4/../../../avr/lib/avrxmega6/crtx128a3.o
__vector_43                                       /usr/lib/gcc/avr/4.3.4/../../../avr/lib/avrxmega6/crtx128a3.o
__vector_44                                       /usr/lib/gcc/avr/4.3.4/../../../avr/lib/avrxmega6/crtx128a3.o
__vector_45                                       /usr/lib/gcc/avr/4.3.4/../../../avr/lib/avrxmega6/crtx128a3.o
__vector_46                                       /usr/lib/gcc/avr/4.3.4/../../../avr/lib/avrxmega6/crtx128a3.o
__vector_47                                       /usr/lib/gcc/avr/4.3.4/../../../avr/lib/avrxmega6/crtx128a3.o
__vector_48                                       /usr/lib/gcc/avr/4.3.4/../../../avr/lib/avrxmega6/crtx128a3.o
__vector_49                                       /usr/lib/gcc/avr/4.3.4/../../../avr/lib/avrxmega6/crtx128a3.o
__vector_5                                        /usr/lib/gcc/avr/4.3.4/../../../avr/lib/avrxmega6/crtx128a3.o
__vector_50                                       /usr/lib/gcc/avr/4.3.4/../../../avr/lib/avrxmega6/crtx128a3.o
__vector_51                                       /usr/lib/gcc/avr/4.3.4/../../../avr/lib/avrxmega6/crtx128a3.o
__vector_52                                       /usr/lib/gcc/avr/4.3.4/../../../avr/lib/avrxmega6/crtx128a3.o
__vector_53                                       /usr/lib/gcc/avr/4.3.4/../../../avr/lib/avrxmega6/crtx128a3.o
__vector_54                                       /usr/lib/gcc/avr/4.3.4/../../../avr/lib/avrxmega6/crtx128a3.o
__vector_55                                       /usr/lib/gcc/avr/4.3.4/../../../avr/lib/avrxmega6/crtx128a3.o
__vector_56                                       /usr/lib/gcc/avr/4.3.4/../../../avr/lib/avrxmega6/crtx128a3.o
__vector_57                                       /usr/lib/gcc/avr/4.3.4/../../../avr/lib/avrxmega6/crtx128a3.o
__vector_58                                       flighttest.o
                                                  /usr/lib/gcc/avr/4.3.4/../../../avr/lib/avrxmega6/crtx128a3.o
__vector_59                                       flighttest.o
                                                  /usr/lib/gcc/avr/4.3.4/../../../avr/lib/avrxmega6/crtx128a3.o
__vector_6                                        /usr/lib/gcc/avr/4.3.4/../../../avr/lib/avrxmega6/crtx128a3.o
__vector_60                                       /usr/lib/gcc/avr/4.3.4/../../../avr/lib/avrxmega6/crtx128a3.o
__vector_61                                       /usr/lib/gcc/avr/4.3.4/../../../avr/lib/avrxmega6/crtx128a3.o
__vector_62                                       /usr/lib/gcc/avr/4.3.4/../../../avr/lib/avrxmega6/crtx128a3.o
__vector_63                                       /usr/lib/gcc/avr/4.3.4/../../../avr/lib/avrxmega6/crtx128a3.o
__vector_64                                       /usr/lib/gcc/avr/4.3.4/../../../avr/lib/avrxmega6/crtx128a3.o
__vector_65                                       /usr/lib/gcc/avr/4.3.4/../../../avr/lib/avrxmega6/crtx128a3.o
__vector_66                                       /usr/lib/gcc/avr/4.3.4/../../../avr/lib/avrxmega6/crtx128a3.o
__vector_67                                       /usr/lib/gcc/avr/4.3.4/../../../avr/lib/avrxmega6/crtx128a3.o
__vector_68                                       /usr/lib/gcc/avr/4.3.4/../../../avr/lib/avrxmega6/crtx128a3.o
__vector_69                                       /usr/lib/gcc/avr/4.3.4/../../../avr/lib/avrxmega6/crtx128a3.o
__vector_7                                        /usr/lib/gcc/avr/4.3.4/../../../avr/lib/avrxmega6/crtx128a3.o
__vector_70                                       /usr/lib/gcc/avr/4.3.4/../../../avr/lib/avrxmega6/crtx128a3.o
__vector_71                                       /usr/lib/gcc/avr/4.3.4/../../../avr/lib/avrxmega6/crtx128a3.o
__vector_72                                       /usr/lib/gcc/avr/4.3.4/../../../avr/lib/avrxmega6/crtx128a3.o
__vector_73                                       /usr/lib/gcc/avr/4.3.4/../../../avr/lib/avrxmega6/crtx128a3.o
__vector_74                                       /usr/lib/gcc/avr/4.3.4/../../../avr/lib/avrxmega6/crtx128a3.o
__vector_75                                       /usr/lib/gcc/avr/4.3.4/../../../avr/lib/avrxmega6/crtx128a3.o
__vector_76                                       /usr/lib/gcc/avr/4.3.4/../../../avr/lib/avrxmega6/crtx128a3.o
__vector_77                                       /usr/lib/gcc/avr/4.3.4/../../../avr/lib/avrxmega6/crtx128a3.o
__vector_78                                       /usr/lib/gcc/avr/4.3.4/../../../avr/lib/avrxmega6/crtx128a3.o
__vector_79                                       /usr/lib/gcc/avr/4.3.4/../../../avr/lib/avrxmega6/crtx128a3.o
__vector_8                                        /usr/lib/gcc/avr/4.3.4/../../../avr/lib/avrxmega6/crtx128a3.o
__vector_80                                       /usr/lib/gcc/avr/4.3.4/../../../avr/lib/avrxmega6/crtx128a3.o
__vector_81                                       /usr/lib/gcc/avr/4.3.4/../../../avr/lib/avrxmega6/crtx128a3.o
__vector_82                                       /usr/lib/gcc/avr/4.3.4/../../../avr/lib/avrxmega6/crtx128a3.o
__vector_83                                       /usr/lib/gcc/avr/4.3.4/../../../avr/lib/avrxmega6/crtx128a3.o
__vector_84                                       /usr/lib/gcc/avr/4.3.4/../../../avr/lib/avrxmega6/crtx128a3.o
__vector_85                                       /usr/lib/gcc/avr/4.3.4/../../../avr/lib/avrxmega6/crtx128a3.o
__vector_86                                       /usr/lib/gcc/avr/4.3.4/../../../avr/lib/avrxmega6/crtx128a3.o
__vector_87                                       /usr/lib/gcc/avr/4.3.4/../../../avr/lib/avrxmega6/crtx128a3.o
__vector_88                                       /usr/lib/gcc/avr/4.3.4/../../../avr/lib/avrxmega6/crtx128a3.o
__vector_89                                       /usr/lib/gcc/avr/4.3.4/../../../avr/lib/avrxmega6/crtx128a3.o
__vector_9                                        /usr/lib/gcc/avr/4.3.4/../../../avr/lib/avrxmega6/crtx128a3.o
__vector_90                                       /usr/lib/gcc/avr/4.3.4/../../../avr/lib/avrxmega6/crtx128a3.o
__vector_91                                       /usr/lib/gcc/avr/4.3.4/../../../avr/lib/avrxmega6/crtx128a3.o
__vector_92                                       /usr/lib/gcc/avr/4.3.4/../../../avr/lib/avrxmega6/crtx128a3.o
__vector_93                                       /usr/lib/gcc/avr/4.3.4/../../../avr/lib/avrxmega6/crtx128a3.o
__vector_94                                       /usr/lib/gcc/avr/4.3.4/../../../avr/lib/avrxmega6/crtx128a3.o
__vector_95                                       /usr/lib/gcc/avr/4.3.4/../../../avr/lib/avrxmega6/crtx128a3.o
__vector_96                                       /usr/lib/gcc/avr/4.3.4/../../../avr/lib/avrxmega6/crtx128a3.o
__vector_97                                       /usr/lib/gcc/avr/4.3.4/../../../avr/lib/avrxmega6/crtx128a3.o
__vector_98                                       /usr/lib/gcc/avr/4.3.4/../../../avr/lib/avrxmega6/crtx128a3.o
__vector_99                                       /usr/lib/gcc/avr/4.3.4/../../../avr/lib/avrxmega6/crtx128a3.o
__vector_default                                  /usr/lib/gcc/avr/4.3.4/../../../avr/lib/avrxmega6/crtx128a3.o
__vectors                                         /usr/lib/gcc/avr/4.3.4/../../../avr/lib/avrxmega6/crtx128a3.o
_div                                              /usr/lib/gcc/avr/4.3.4/avrxmega6/libgcc.a(_divmodhi4.o)
_exit                                             /usr/lib/gcc/avr/4.3.4/avrxmega6/libgcc.a(_exit.o)
exit                                              /usr/lib/gcc/avr/4.3.4/avrxmega6/libgcc.a(_exit.o)
                                                  /usr/lib/gcc/avr/4.3.4/../../../avr/lib/avrxmega6/crtx128a3.o
exponent                                          support.o
fputc                                             /usr/lib/gcc/avr/4.3.4/../../../avr/lib/avrxmega6/libc.a(fputc.o)
                                                  /usr/lib/gcc/avr/4.3.4/../../../avr/lib/avrxmega6/libc.a(vfprintf_std.o)
getaccel                                          support.o
                                                  flighttest.o
getoffset                                         support.o
getroll                                           support.o
                                                  flighttest.o
imu                                               flighttest.o
input                                             flighttest.o
main                                              flighttest.o
                                                  /usr/lib/gcc/avr/4.3.4/../../../avr/lib/avrxmega6/crtx128a3.o
output                                            support.o
outputlong                                        support.o
printf                                            /usr/lib/gcc/avr/4.3.4/../../../avr/lib/avrxmega6/libc.a(printf.o)
                                                  support.o
readdata                                          flighttest.o
sendchar                                          support.o
                                                  flighttest.o
sendstring                                        support.o
                                                  flighttest.o
sprintf                                           /usr/lib/gcc/avr/4.3.4/../../../avr/lib/avrxmega6/libc.a(sprintf.o)
                                                  flighttest.o
strnlen                                           /usr/lib/gcc/avr/4.3.4/../../../avr/lib/avrxmega6/libc.a(strnlen.o)
                                                  /usr/lib/gcc/avr/4.3.4/../../../avr/lib/avrxmega6/libc.a(vfprintf_std.o)
strnlen_P                                         /usr/lib/gcc/avr/4.3.4/../../../avr/lib/avrxmega6/libc.a(strnlen_P.o)
                                                  /usr/lib/gcc/avr/4.3.4/../../../avr/lib/avrxmega6/libc.a(vfprintf_std.o)
vfprintf                                          /usr/lib/gcc/avr/4.3.4/../../../avr/lib/avrxmega6/libc.a(vfprintf_std.o)
                                                  /usr/lib/gcc/avr/4.3.4/../../../avr/lib/avrxmega6/libc.a(sprintf.o)
                                                  /usr/lib/gcc/avr/4.3.4/../../../avr/lib/avrxmega6/libc.a(printf.o)
xbee                                              flighttest.o
